[boot_ready] True
[run 1] sending camdump
[camdump] capture + serial JPEG dump
[sscma] sendAT(17): AT+SENSOR=1,1,0

[sscma] sendAT(13): AT+SAMPLE=1

[sscma] WARN: bogus AVAILABLE count 0x12FC ? retry 1/3
[sscma] WARN: bogus AVAILABLE count 0x12FC ? retry 2/3
[sscma] WARN: bogus AVAILABLE count 0x12FC ? retry 3/3
[sscma] WARN: bogus AVAILABLE count 0x12FC ? retry 1/3
[sscma] WARN: bogus AVAILABLE count 0x12FC ? retry 2/3
[sscma] WARN: bogus AVAILABLE count 0x12FC ? retry 3/3
[sscma] WARN: bogus AVAILABLE count 0x12FC ? retry 1/3
[sscma] WARN: bogus AVAILABLE count 0x12FC ? retry 2/3
[sscma] WARN: bogus AVAILABLE count 0x12FC ? retry 3/3
[sscma] WARN: bogus AVAILABLE count 0x11FC ? retry 1/3
[sscma] WARN: bogus AVAILABLE count 0x11FC ? retry 2/3
[sscma] WARN: bogus AVAILABLE count 0x11FC ? retry 3/3
[sscma] WARN: bogus AVAILABLE count 0x11FC ? retry 1/3
[sscma] WARN: bogus AVAILABLE count 0x11FC ? retry 2/3
[sscma] WARN: bogus AVAILABLE count 0x11FC ? retry 3/3
[sscma] WARN: bogus AVAILABLE count 0x11FC ? retry 1/3
[sscma] WARN: bogus AVAILABLE count 0x11FC ? retry 2/3
[sscma] WARN: bogus AVAILABLE count 0x11FC ? retry 3/3
[sscma] WARN: bogus AVAILABLE count 0x10FC ? retry 1/3
[sscma] WARN: bogus AVAILABLE count 0x10FC ? retry 2/3
[sscma] WARN: bogus AVAILABLE count 0x10FC ? retry 3/3
[sscma] WARN: bogus AVAILABLE count 0x10FC ? retry 1/3
[sscma] WARN: bogus AVAILABLE count 0x10FC ? retry 2/3
[sscma] WARN: bogus AVAILABLE count 0x10FC ? retry 3/3
[sscma] WARN: bogus AVAILABLE count 0x10FC ? retry 1/3
[sscma] WARN: bogus AVAILABLE count 0x10FC ? retry 2/3
[sscma] WARN: bogus AVAILABLE count 0x10FC ? retry 3/3
[sscma] frame count=1
[sscma] found image field: 4744 base64 chars
[sscma] base64 -> 3556 JPEG bytes
[camdump] OK len=3556 crc32=7724F3EB dt=1086 ms head=FFD8FF tail=0000
CAMJPEG_BEGIN
/9j/4AAQSkZJRgABAQEASABIAAD/2wBDABsSFBcUERsXFhceHBsgKEIrKCUlKFE6PTBCYFVlZF9V
XVtqeJmBanGQc1tdhbWGkJ6jq62rZ4C8ybqmx5moq6T/2wBDARweHigjKE4rK06kbl1upKSkpKSk
pKSkpKSkpKSkpKSkpKSkpKSkpKSkpKSkpKSkpKSkpKSkpKSkpKSkpKSkpKT/wAARCADwAPADASEA
AhEBAxEB/8QAHwAAAQUBAQEBAQEAAAAAAAAAAAECAwQFBgcICQoL/8QAtRAAAgEDAwIEAwUFBAQA
AAF9AQIDAAQRBRIhMUEGE1FhByJxFDKBkaEII0KxwRVS0fAkM2JyggkKFhcYGRolJicoKSo0NTY3
ODk6Q0RFRkdISUpTVFVWV1hZWmNkZWZnaGlqc3R1dnd4eXqDhIWGh4iJipKTlJWWl5iZmqKjpKWm
p6ipqrKztLW2t7i5usLDxMXGx8jJytLT1NXW19jZ2uHi4+Tl5ufo6erx8vP09fb3+Pn6/8QAHwEA
AwEBAQEBAQEBAQAAAAAAAAECAwQFBgcICQoL/8QAtREAAgECBAQDBAcFBAQAAQJ3AAECAxEEBSEx
BhJBUQdhcRMiMoEIFEKRobHBCSMzUvAVYnLRChYkNOEl8RcYGRomJygpKjU2Nzg5OkNERUZHSElK
U1RVVldYWVpjZGVmZ2hpanN0dXZ3eHl6goOEhYaHiImKkpOUlZaXmJmaoqOkpaanqKmqsrO0tba3
uLm6wsPExcbHyMnK0tPU1dbX2Nna4uPk5ebn6Onq8vP09fb3+Pn6/9oADAMBAAIRAxEAPwCpUM0e
fmXrQIgpKYwooAKKACigApKACikAUUAJRQAUUAJRQAUmKACkoAKWgAoxTA0aKQiGaLHzKOKhoASi
gYUUwCikAUUAFJQAUUAFJQAUUAJRQAUUAFGKACigAooA0KWgQYzVaWLacjpQBHRQMKKAEooAKKAC
igBKKACkoAKKACkoASlxQAlKKACigAooA0KWgQtBAIwRQBVljKH2qOgYUUAFFACUUAFFABSUAFFA
ABk4FWvsoyAcgUAQzwmJsdaj2MR0oAbg+lFABRQAUUAFLigDQooELS0ADIHXBqnJGUbBoAbRQMSi
gAooASigApKACigCe0UGTexAC+taJKlc8GpYFXYZWLkcdqaYiF3DoO1A2MwvoKayD0FNMTQxox2q
IjHWqEGKTFIYtFMDWaHPK/kaiwR1pEiilFIY6myRiRcHr60AUmQo2CKbimMMUlABRQAUlABRQAUl
AGklowtV4yTyR3qNH2KS4I9qTBEgkBGAMUpGRUjGGLOOKikXY3FMBnBFNZAaaYmiJkK+4ptMAopg
dC0JHTmo3hDdRg+tSSQNEy9sj2ptAC06gZHNCJF4+9VIqVOCMGgBKSmMKKAEooAKSgAqazh864Ve
3egGbmKhmt0lwSMEVIihMjxSF2HA6Y70JLlfmwKLFEy5xxUUyYwfWkBCkZZsdqJRtbHbsaYDSKb5
JflBTQMiIKnDAg+9FUI6pR3NK0QbtUEEBiIYgcgdahlg3cqMH0pjK5UqcEYpaBi1HLbrKc9DQBCb
J+xH41GbWQeh+lMCMxuP4T+VN2sP4T+VACYxSUDCigBK1dKh2xGU9W6UCL1NqRjXVXGGAI96pTWe
1965Yf3aAIBKyvgA57j0qUsG64pMYqLj6Gq86Oz4HI7UxEkVuermpwoUcCqFe5HLCkg5GD61Rlhe
I8jI9RQB1IGO2KJH2jA5Y9BUiJYk2pg8nvQ0Ct7GgRXltuMEZ98VUkt2ToMigZHilxQMKjc9qBiA
Zp4jU9VFAB5EZ6ov5U02cR7Y+lFxDDp8Z6M1M/s7PR/zNO4DTpk2R8yY+taiII0CjoKGwFpKkYhp
tMRBNbpIOPlPqOKpSQSJIqjcfemMspGQP8aeEAoEBpKAGnjrUblSMEZouBubsDJ6UkK728w59ge1
IksAH604UDHgA9RmoZ1jQZxx3pDIf7O82Pf9xz27VSlgkhOHUj3xxVWAic4FRqpY5pDJVSnhaAFx
RikAUmKAFVyOtSBgaACkoAbSGmA0000CENJTAYzAVGzntSbCxGXB75phkwcUhm6f3smwfdH3qsgD
gCqJHjinr9KQCu2wcdT0qKFPPk3HmNenvSW4y5VTUZESAhgCx6ZFUxmIqmV/YVZWLA6UgHbMUm2k
AhFJigBKSgYlJkigBwf1p2c0CA0w0AJSGmA001hkUxETKRTDUDKzkFiBxTDncOpFWhnTJA0a8Hnv
Ui717UGY8SHupqVHU98UhkUhaVxGvBbr/siriIEUKowBTRQO4jQsxwBWDdztczcf/qpPcCeCEKoq
bZSYDStMIoAaRTDQMSmmgBKSgBMU5c0CEdwDijINACUmaYCE000xCHmo2T0pNDKjxkHpUZVl6cim
gOvAyafikSKFB7VHMyoOBnHb1pDRLbQmNSz8u3U1PVjMnU7vJ8tDwOvvUFpAfvN1NT5gy+q4FBFI
CNhUbCkMYaYaYDTTaAEooAMUMdi570CICaASKYDg+aXNACGmk0wEzSUCGsoNQsmKTGdSBgU4CgkV
jsHuaht086TzT9xfuj1oW4y5VW+uRDHgH5j+lNjMiGMzSbj0rTij2ikIkxTGqRkbVG1AyNqYaYDT
SUAJRigBwAAyegqu7FmzQAykpiEpwf1oAXNITQA0mkzTATNBoEdGJFpwdRyaQiJt08nljjP3iO1X
FUKoAGAKa2GNlkWKMu3asKaRrqc/rSe4y/bQhVHFWQMUmIQ1G1Iojao2oAjNMNMBppKADFKBmgCK
d8naOgqGgBKSmISkzQAm7FLuzTAQtSbhQAm4etG6gR1QjX0FQTOB90ZPYetJiJ7eLyk55Y9T61LV
FGRqN0ZH2J0HT3os7faMnqaldwZoKuBSmkAxjUbGkMiY0xqAIzTTTAaaKAACiV/LTA+8aAKtJTAb
SZoEITTc0AITUYlUnrigB24HvUcjFPemA0PmgvjvQB188mwYH4n0ptrHvbzmGB/CPSktxFuqGo3Q
iTy1PzHr7U2MoWsRkfe1akabRSYh9ITSGRsajY0hkZNRk0AMNNNMBKUCgB3CqWboKqOxdiTQAykN
MBpNJQIQ000wIpnwuB1NVqBjlJ9aXOetACMdozUbMTTEdbETduBzt6sa0gABgUlsIiuZxBEWPXsK
xPmuJsnmjqN7GlBGFAqcUmICaYxpDI2NRsaQDCaYTTGNNNoAKeq5NAFe4k3NtX7oqChAIaaaYCUl
AhDTSaYFSQlmJNEabmwKBkku0YCqBjvioCcnrihAIST16U3qaYjubKHyYgO/ep2YKpJOAKBIxLy4
a5mwOnYVPbRBFFSgZbXilJoAaWpjNSGRk0wmgBhNNJoGJSUAOApJ38tNo+8f0oApmmmmAhpKBCUh
oAaaaaYEbKD1FRK/lsQKAFPJzTHAx0oGR8noKesfAJpiO7ziql+ZHTZH071JKM+GMI+GILGryEAU
wH7qQvUjGF6YWoGNLUwmgBpNJmgBKUUDH5EaF2/CqTsXYsepoAZTTTEJSUAFNNMBDTTQAw1TbO45
GKAFDMPcUM26mMkQAingZNAjqpr2OPgHcfas+e9d89h7VO4iCFy0m4mtBJOOtMBTJTHmApAIZB60
m+gYFqaTQAmaTNIBaegzQBXuJd7YH3R0qGhDGmkpiEpKAEptMBDTTQA00xlDdRQBE0ZXlTTkt2kX
cMDNMBpikTsaWMsWxQI1Geo2bJpAPjbFWoySPSgBzNx8tRbqQDHcrTlkz3oGSbqM0AGaKAHKM0Ty
bF2A8nr
SAqUhNMBtJQAlJTAQ0hoAaaQ0ANNJQA00okZOByKYDvPBHQ59KjUY570gLTPSxoznA/Om
ItJEqcnk1JupCEJphPNAxjfMMVCjkHBoAnVqeGpDHA04UAP3CNNx69qqMxYknrQA0mkoASkpgIaS
gBtIaAEppoEIaSmAlJQMAvelNSBZjiycsfwqyuFGAMVRIu6jdSGIWppOaAEzUMwwdw/GgB0b5qUN
QA8NUqc/QUgIpZN7ew6VETQMSkpgJSUAJSUAIabQAlJQISmmmMa2QMihTmkA8HFOyG6jB9qQyyDT
gaokXNG70oAT60ZpAGaawDDBoArqSrYNTq1ADw1SF8R7R1PWgZHmkzQAlFACUlADTSE0ANJpM0CE
pKAEpKYBSAYFJjFopDLINO3VRIuSaM0AGaM0AGaTNICGYfxD8aEegCUNT85oAKSgBKRiQOOtAxBn
HNBoAaTTSaBDSaTNABmimAlJQAUVJQUUATg04VRIuaXNACZozQAZpCaAEPIxVflGxQBMrU8GkA6i
gBKKAEpCaAGmmMaAIy49aTePWgYuaUGmAUUCEoBzSY0LSUhkyNkU/NUSGaXNABmigBKKAEzUUoyM
jqKAERqlBoAeDkUuaAEzRQAlIaAGMcDJqFiT6+wFIYnlsfQU0xH1FMQmWXrT1OaBj6KBBURLA80D
JFYN9aXFSMVW2mpqskKXNIAooAKSgBDTTQBCfkb2qVTQA8Gn0AFJQAUhoAglbLY9KcqbRk8tQAGm
mgBpGaYPlOKAJBS0AFIQD1oAaFC/408HPB60mMUinxt2NUIfRQAUUgCigAphoAY4yPemo1AEoNPB
4oAWigBKKAIQuZeaeaAGmmmgBKawoAcKdQAUUwGswUc0xZAzY6ehpDQA/9kAAAAAAAAAAAAAAAAA
AAAAAAAAAAAAAAAAAAAAAAAAAAAAAA==
CAMJPEG_END
[run 1] result=True reason=ok
[run 2] sending camdump
[camdump] capture + serial JPEG dump
[sscma] sendAT(17): AT+SENSOR=1,1,0

[sscma] sendAT(13): AT+SAMPLE=1

[sscma] WARN: bogus AVAILABLE count 0x1300 ? retry 1/3
[sscma] WARN: bogus AVAILABLE count 0x1300 ? retry 2/3
[sscma] WARN: bogus AVAILABLE count 0x1300 ? retry 3/3
[sscma] WARN: bogus AVAILABLE count 0x1300 ? retry 1/3
[sscma] WARN: bogus AVAILABLE count 0x1300 ? retry 2/3
[sscma] WARN: bogus AVAILABLE count 0x1300 ? retry 3/3
[sscma] WARN: bogus AVAILABLE count 0x1300 ? retry 1/3
[sscma] WARN: bogus AVAILABLE count 0x1300 ? retry 2/3
[sscma] WARN: bogus AVAILABLE count 0x1300 ? retry 3/3
[sscma] WARN: bogus AVAILABLE count 0x1200 ? retry 1/3
[sscma] WARN: bogus AVAILABLE count 0x1200 ? retry 2/3
[sscma] WARN: bogus AVAILABLE count 0x1200 ? retry 3/3
[sscma] WARN: bogus AVAILABLE count 0x1200 ? retry 1/3
[sscma] WARN: bogus AVAILABLE count 0x1200 ? retry 2/3
[sscma] WARN: bogus AVAILABLE count 0x1200 ? retry 3/3
[sscma] WARN: bogus AVAILABLE count 0x1200 ? retry 1/3
[sscma] WARN: bogus AVAILABLE count 0x1200 ? retry 2/3
[sscma] WARN: bogus AVAILABLE count 0x1200 ? retry 3/3
[sscma] WARN: bogus AVAILABLE count 0x1100 ? retry 1/3
[sscma] WARN: bogus AVAILABLE count 0x1100 ? retry 2/3
[sscma] WARN: bogus AVAILABLE count 0x1100 ? retry 3/3
[sscma] WARN: bogus AVAILABLE count 0x1100 ? retry 1/3
[sscma] WARN: bogus AVAILABLE count 0x1100 ? retry 2/3
[sscma] WARN: bogus AVAILABLE count 0x1100 ? retry 3/3
[sscma] WARN: bogus AVAILABLE count 0x1100 ? retry 1/3
[sscma] WARN: bogus AVAILABLE count 0x1100 ? retry 2/3
[sscma] WARN: bogus AVAILABLE count 0x1100 ? retry 3/3
[sscma] WARN: bogus AVAILABLE count 0x1000 ? retry 1/3
[sscma] WARN: bogus AVAILABLE count 0x1000 ? retry 2/3
[sscma] WARN: bogus AVAILABLE count 0x1000 ? retry 3/3
[sscma] WARN: bogus AVAILABLE count 0x1000 ? retry 1/3
[sscma] WARN: bogus AVAILABLE count 0x1000 ? retry 2/3
[sscma] WARN: bogus AVAILABLE count 0x1000 ? retry 3/3
[sscma] WARN: bogus AVAILABLE count 0x1000 ? retry 1/3
[sscma] WARN: bogus AVAILABLE count 0x1000 ? retry 2/3
[sscma] WARN: bogus AVAILABLE count 0x1000 ? retry 3/3
[sscma] frame count=1
[sscma] found image field: 4748 base64 chars
[sscma] base64 -> 3560 JPEG bytes
[camdump] OK len=3560 crc32=7A4544F8 dt=1331 ms head=FFD8FF tail=0000
CAMJPEG_BEGIN
/9j/4AAQSkZJRgABAQEASABIAAD/2wBDABsSFBcUERsXFhceHBsgKEIrKCUlKFE6PTBCYFVlZF9V
XVtqeJmBanGQc1tdhbWGkJ6jq62rZ4C8ybqmx5moq6T/2wBDARweHigjKE4rK06kbl1upKSkpKSk
pKSkpKSkpKSkpKSkpKSkpKSkpKSkpKSkpKSkpKSkpKSkpKSkpKSkpKSkpKT/wAARCADwAPADASEA
AhEBAxEB/8QAHwAAAQUBAQEBAQEAAAAAAAAAAAECAwQFBgcICQoL/8QAtRAAAgEDAwIEAwUFBAQA
AAF9AQIDAAQRBRIhMUEGE1FhByJxFDKBkaEII0KxwRVS0fAkM2JyggkKFhcYGRolJicoKSo0NTY3
ODk6Q0RFRkdISUpTVFVWV1hZWmNkZWZnaGlqc3R1dnd4eXqDhIWGh4iJipKTlJWWl5iZmqKjpKWm
p6ipqrKztLW2t7i5usLDxMXGx8jJytLT1NXW19jZ2uHi4+Tl5ufo6erx8vP09fb3+Pn6/8QAHwEA
AwEBAQEBAQEBAQAAAAAAAAECAwQFBgcICQoL/8QAtREAAgECBAQDBAcFBAQAAQJ3AAECAxEEBSEx
BhJBUQdhcRMiMoEIFEKRobHBCSMzUvAVYnLRChYkNOEl8RcYGRomJygpKjU2Nzg5OkNERUZHSElK
U1RVVldYWVpjZGVmZ2hpanN0dXZ3eHl6goOEhYaHiImKkpOUlZaXmJmaoqOkpaanqKmqsrO0tba3
uLm6wsPExcbHyMnK0tPU1dbX2Nna4uPk5ebn6Onq8vP09fb3+Pn6/9oADAMBAAIRAxEAPwCpUM0e
fmHWmIgpKBhRQAUUAFFABRQAlFABRQAlFABRQAlFABRigBKSgBaKACjFAGjS0CIJosfMvSoaAEoo
GFFABRQAUUAFJQAUUAFJQAUUAFJSAKKYBRigAooAKKANCloEGM1Wli2HI6UAR0UDCigBKKACigAo
oASigApKQBRQAUlABRimAUCgAopAFFAGhS0xC0EBhg0gKssZQ+1R0wCigYUUAJRQAUUgCkoAKKAA
AkgDvVr7KMgHIoAhngMTY61HsYjpQA3B9KKACigAooAKXFMDQpaQhaWgBGQOuDVOSMo2DQA2igYU
lABRQAUlABRQAlFAE9ooMm9iAF9a0SVK5GCKTAq7DKS5HHYU0xELuHQdqQ2Mwp7CmtGPQU0xMY0Y
7VERjrVCQYpMUDFooA1mhzyv5GosEdeKRItLigY4U2SMSLg9aAKToUbBFNxQAUUDEooAKSgAooAK
SgDSS0YWq4GSeSO9MR9ikuCPakwQ8SA8AY9qUjIqRjDDmopF2NxTAbwR/jTGTNNMTREyFfcU2mAU
UxHRNCR05qJ4QeowfWkSQNCy9sj2pooGOpRQMZNCJF4+9VEqVOCMGgBKSgYUUAJRQAUlABU1nD51
wq9u9MTNyoZrdJcEjkVIFCZHikLsOB0x3oSXK/NgUrFEy5xxUUyY59aQEKRlmx0FLKNrY7djTAYR
TfJL8oKaBkRBU4YEH3oqiTqlHc0piDduakkhMRDEDkDrUEtvu5UYPpTGQFSpwQRQKBjhUUtuspz0
NICE2T9mH41G1rIvofpTAjMTj+E/lTdrf3T+VACUUDEooAStXSodsRkI5bpQJl6kqRjHRXGGAP1q
lNZhX3rlh/dpgQCVlfABJ7j0qVmDdcUmMVFx9Krzo7OAOR2oESRW56uanChRwKoV7kcsKyDkc+oq
jLC8R5GR6imB1QHtikkfaMDlj0FSSSxIFXB5Pc0NArfWgCCW24wVz74qnJbsnI5FAyMClxQMKY57
UDGhc08Rg9QKADyIz1Rfypps4j2x9KLiGHT4z0ZhTP7Oz91/zNO4DTpk2R8yEfWtREEaBR0ApMBa
SkMSkNAivNbpJ0+VvUcVSkgkSRVG4+9MZZSMgf408KB9aBAaSmA08VG5UjBGaLgbm7AyelJCu9vM
OfYHtSJLAB+tOFAEgAPUZqGdY0BOOO9Ioh/s7zY9/wB1z26CqUsEkJw6ke+OKYELnAqNVLHNAyVU
p4WkAuKMUAFJigBVcjrUgYGgANJQAlNNADTTTzTEJSUAMLAUxnPak2FiIuD3zTDJg4pDN0/vZNg+
6PvVZAHQVRI8cdKetACu2wcdT0qKFPPk3HmNenvSW4y5VTUJESAhgCx6ZFNjMVVMr+wqwsOBQA7Z
RtpANIpMUAJSUAJSAkUAPD+tOzmgBDTTQA2kNMBpprDIoERMpFMNSMrOQWIHFMOdw6kVSGdMkDRr
gHnvUi+YtMzHiQ91P5VKjqaQyOQtK4jXgt1/2RVtECKFUYAoQwdxGhZjgCsG7na5m4//AFUPcZPB
CFUVPspMBpWmEUAMIphpDEppoASkpiDFKuelACO+DijcDQAhpDTAQmkoENNRsnpQ0BUaMg9KjKsp
45FCGdeBmn4oIFCg9qZMyoMgZx29aCkSW0JjUs/Lt1NT0wRk6nd5PloeB196gtID949TUruNl9Vw
KCKAGMKjYUhkZphoAaaQ0ANopgGKGOxc96BEBNAJFADg4NLmmAhppoATNIaYhrKDULJjrSYzqQMC
nAUEisdi8dTUMCedJ5p+4v3Qe9C3GXKq31yIYyAfmP6UMZkQxmaTcelacUe0UCJMU1qkZE1RtQMj
NNNADDSGgBKMUAOAAGT0FV3bc2aYDKSgQZpQ/rTAXNITQA0mkzQITNBpgdGJFp4dRyaQiFt08nlj
jP3iO1XFUKoAGAKaGNlkWKMu3asKaR7mc/rS6jL9tCFUcVZAxSYkIajakMjaozQMjNMNADTSUAFK
BmgCOd8naOgqCmAlFAhKaTTAN2KN2aAELUhagBN3vS7qYjqQi+gqGZwPujJ7D1pMSJ7eLyk55Y9T
61JTKRkajdGR9iHgdKWzt9oyeppLuJl9VwKU0gGMajY0hkbGo2NAxhphoAaaKAFApJW8tMD7xoAq
k0lMQlJmgBpNNJpgITUYlUnrigB24HvUcjFPegBofNBfb3pgdhPJsGB+J9KZax7285hgfwj0pIRb
qjqN0Ik8tT8x6+1DGZ9rEZH3tWpGm0UCJKaTSAjY1GxpDI2NMJoGMNNNACUYoAdwqlj0FVHcuxJo
AZSE0xDSaSmAhppoAimfC47mq1Axyk+tLnPWgBGO0ZqNmJ60xHXRE3bgc7ermtEAAYFHQRFcziCI
sevYVifNczZJzS6jexpQRhQKsChkiE0xjSKI2NRk0gGE0wmgBppKBiYp6rk0AV7iTc21fuioKaAQ
000CEopgNNNJoAqSEsxJojTc2BQMkl2jAVQMdxUBOTwcUIQhOevQU3qaYHc2cPkxAd+5qdmCqWJw
BQxIxLy4a5mwOnYVPbRBVFJbAy2vAp2aAGlqjZqQDCajJoGNJppNADaKAFApJ38tNo+8f0pDKZpD
TENNJTASkNACGmGgCNlDdRUSuI2IB/OhgKTk59aY4GKBkfJ6CnrHwKoR3mcVTvzI6bI+nepZKZnw
oEfDEFjV5CAKYD91IXpDGF6YWpANLU0mgYwmkJoASlFAD8iNC5/CqTsXYk9TQMZSGgQ2imAlNNAC
GmmgBpqk2dxyMUwFVmHvQzbqBkiAEU8DJoEdVNexx8A7j7VQuL13zzge1SJIghcmTcTV9JOKoB3m
VG8wFIBDIPWjfSAQtTSaBiZooABT0GaAK9xLvbA+6OlQmhDGk0hpiEpKAEpKAGmmmgBDTGVW6imB
C0ZXlTmnJbtIu7gE9qYhpikTsaWMsWxSA1GfFRlsmgB8TYq0hJHp9aAHM3y8VFupAMdytOWTNAEm
6jNAwzS
0gFUZonk2LsHU9aAKlITTAbSUAFJQA00lADTSUwGmkNACUCRk4HIoAd54I6HPpTFGOe5p
AWWeljRnOB+dMRaSJU5PJqTdQIQtTCeaBjG+YYqJHIODSAnVqcGoAcDThQMfuEabj17VVZixyetI
BhpKYCUlACGkoASmmgBKSmIbSGgBKSgAC96WkMsxxZ5erK4UYAxVEi7qN1IBC1NJzQMTNQzDB3D8
aAHRvUoakA8NUqc/QUARSyb29h0qImgYmaSgApKAG0lACU00wEpKBCU00DGtkDIoU5oAeDinZVuo
wfapGWQaeDVki5pN1IBPrS5oATNNYBhg0AV1JVsGp1agB4apC+Iwo6nrSAjzSZoASigBKQ0DG0ma
YhM03NACZpKAEpKAD60gGBSYxaKQy0DS7qskXNLmkAZpM0AGaTNAEMw/iH40I9AEoan5zQAZpKAE
pGJA45NACDOOaDQA0mmk0ANJpM0AGaKAEpKACikUFFAE4NOFUSLmlzQAZpM0gDNBoAaeRioPuNig
CVWqQGgBaKAEooASkJoAaaYxoAjLj1pNw9aBi5pQaBC0lABSDmkxoWigZKrZFPzVEi5ooAKM0AFJ
QAhqKUZGR1FIBEapQaAJAciigApKAEpDQAxjgZNQs2T3+goGJ5bH0FNMR9RQITLL1qRWzQMdRQIK
iJYHmgZIrBvrS4pDFU7T7VNVEi0UAFFABRQA0000gIT8re1Sq1AD1NPoAKSgApDQBBK2Wx6U5U2j
J5agANNNADSM9aYPlNMCQUtABSEA9aAEChf8acDng9aljFIp8bdjVCH0UAFFABRQAUw8UAMcZHvT
UagCUGng5FAC0UAJRQBCFzLzTzQA0000AJTWFADhTqACjFADWIUc0xZAzY6ehpDQ/9kAAAAAAAAA
AAAAAAAAAAAAAAAAAAAAAAAAAAAAAAAAAAA=
CAMJPEG_END
[run 2] result=True reason=ok
[run 3] sending camdump
[camdump] capture + serial JPEG dump
[sscma] sendAT(17): AT+SENSOR=1,1,0

[sscma] sendAT(13): AT+SAMPLE=1

[sscma] WARN: bogus AVAILABLE count 0x137F ? retry 1/3
[sscma] WARN: bogus AVAILABLE count 0x137F ? retry 2/3
[sscma] WARN: bogus AVAILABLE count 0x137F ? retry 3/3
[sscma] WARN: bogus AVAILABLE count 0x137F ? retry 1/3
[sscma] WARN: bogus AVAILABLE count 0x137F ? retry 2/3
[sscma] WARN: bogus AVAILABLE count 0x137F ? retry 3/3
[sscma] WARN: bogus AVAILABLE count 0x137F ? retry 1/3
[sscma] WARN: bogus AVAILABLE count 0x137F ? retry 2/3
[sscma] WARN: bogus AVAILABLE count 0x137F ? retry 3/3
[sscma] WARN: bogus AVAILABLE count 0x127F ? retry 1/3
[sscma] WARN: bogus AVAILABLE count 0x127F ? retry 2/3
[sscma] WARN: bogus AVAILABLE count 0x127F ? retry 3/3
[sscma] WARN: bogus AVAILABLE count 0x127F ? retry 1/3
[sscma] WARN: bogus AVAILABLE count 0x127F ? retry 2/3
[sscma] WARN: bogus AVAILABLE count 0x127F ? retry 3/3
[sscma] WARN: bogus AVAILABLE count 0x127F ? retry 1/3
[sscma] WARN: bogus AVAILABLE count 0x127F ? retry 2/3
[sscma] WARN: bogus AVAILABLE count 0x127F ? retry 3/3
[sscma] WARN: bogus AVAILABLE count 0x117F ? retry 1/3
[sscma] WARN: bogus AVAILABLE count 0x117F ? retry 2/3
[sscma] WARN: bogus AVAILABLE count 0x117F ? retry 3/3
[sscma] WARN: bogus AVAILABLE count 0x117F ? retry 1/3
[sscma] WARN: bogus AVAILABLE count 0x117F ? retry 2/3
[sscma] WARN: bogus AVAILABLE count 0x117F ? retry 3/3
[sscma] WARN: bogus AVAILABLE count 0x117F ? retry 1/3
[sscma] WARN: bogus AVAILABLE count 0x117F ? retry 2/3
[sscma] WARN: bogus AVAILABLE count 0x117F ? retry 3/3
[sscma] WARN: bogus AVAILABLE count 0x107F ? retry 1/3
[sscma] WARN: bogus AVAILABLE count 0x107F ? retry 2/3
[sscma] WARN: bogus AVAILABLE count 0x107F ? retry 3/3
[sscma] WARN: bogus AVAILABLE count 0x107F ? retry 1/3
[sscma] WARN: bogus AVAILABLE count 0x107F ? retry 2/3
[sscma] WARN: bogus AVAILABLE count 0x107F ? retry 3/3
[sscma] WARN: bogus AVAILABLE count 0x107F ? retry 1/3
[sscma] WARN: bogus AVAILABLE count 0x107F ? retry 2/3
[sscma] WARN: bogus AVAILABLE count 0x107F ? retry 3/3
[sscma] frame count=1
[sscma] found image field: 4736 base64 chars
[sscma] base64 -> 3552 JPEG bytes
[camdump] OK len=3552 crc32=B9A52BD2 dt=1272 ms head=FFD8FF tail=0000
CAMJPEG_BEGIN
/9j/4AAQSkZJRgABAQEASABIAAD/2wBDABsSFBcUERsXFhceHBsgKEIrKCUlKFE6PTBCYFVlZF9V
XVtqeJmBanGQc1tdhbWGkJ6jq62rZ4C8ybqmx5moq6T/2wBDARweHigjKE4rK06kbl1upKSkpKSk
pKSkpKSkpKSkpKSkpKSkpKSkpKSkpKSkpKSkpKSkpKSkpKSkpKSkpKSkpKT/wAARCADwAPADASEA
AhEBAxEB/8QAHwAAAQUBAQEBAQEAAAAAAAAAAAECAwQFBgcICQoL/8QAtRAAAgEDAwIEAwUFBAQA
AAF9AQIDAAQRBRIhMUEGE1FhByJxFDKBkaEII0KxwRVS0fAkM2JyggkKFhcYGRolJicoKSo0NTY3
ODk6Q0RFRkdISUpTVFVWV1hZWmNkZWZnaGlqc3R1dnd4eXqDhIWGh4iJipKTlJWWl5iZmqKjpKWm
p6ipqrKztLW2t7i5usLDxMXGx8jJytLT1NXW19jZ2uHi4+Tl5ufo6erx8vP09fb3+Pn6/8QAHwEA
AwEBAQEBAQEBAQAAAAAAAAECAwQFBgcICQoL/8QAtREAAgECBAQDBAcFBAQAAQJ3AAECAxEEBSEx
BhJBUQdhcRMiMoEIFEKRobHBCSMzUvAVYnLRChYkNOEl8RcYGRomJygpKjU2Nzg5OkNERUZHSElK
U1RVVldYWVpjZGVmZ2hpanN0dXZ3eHl6goOEhYaHiImKkpOUlZaXmJmaoqOkpaanqKmqsrO0tba3
uLm6wsPExcbHyMnK0tPU1dbX2Nna4uPk5ebn6Onq8vP09fb3+Pn6/9oADAMBAAIRAxEAPwCpUM0e
fmXrTEQUlAwooAKKACigAooASigAooASigAooASigAoxQAlJQAtFABRigDRpaBEE0WPmXpUNABSU
DCigAooAKKACkoAKKACkoAKKACkpAFFMAoxQAUUAFFAGhS0CDGarSxbDkdKAI6KBhRQAlFABRQAU
UAJRQAUlIAooAKSgBKXFMAoFABRQAUUgNCloELQQCMGgCrLGUPtUdMAooGFFABSUgCigApKACigA
AJOB3q19kGQDke9AEU8BibHWotjEdKAG49qKACigAooAKXFMDQopCHUtACMgdcGqckZjbBoAbRQM
KSgAooAKSgApKACigCe0UGTexAC+taJKlc8EUmBV2GUlyOO1IYiF3DoO1IbI8KewprRj0FNMTQxo
x2qIjHWqEgxSYoGLRQBrNDnlfyqLBHXikSLS0DHU2SMSLg9fWgCkyFDgim0AFFAxKKACkoAKKACk
oA0ktGFqvGSeSO9MR9ikuCPakwQ8SAjAGPalIyKkYww56VFIuxuKYDeCP8aYyZppiaImQr7im1QB
RQB0TQkdOaieEHqMH1pEEDQsvbI9qaKBjhSigYyaESLx96qJUqcEYNACUUDEooASigApKACprOHz
rhV7d6BM3MYqGa3SXBI5FIChMjxSFmHA6Y70JLlfmwKViiZc44qKZMYPrSAhSMs2OgpZRtbGOOxp
gMIpvkl+UFNAyJgVOGBB96SqEdWo7mlMQbtUkEJiIYgcgdaglt88qNp9KYyAqVPIIoFAxwFRS26y
nPQ0gITZP2IqNrWQdgfpTAjMbj+E/lTdrf3T+VAxKKAEooAStXSodsRkPVulAmXqSpAY6K4wwBHv
VKaz2vvXLD+7TGQeayvgA57j0qVmDdcUmMVFx9Krzo7OAMkdqBEkVuermpwoUcCqFe5HLCkg5HPq
KoywvEeRkeopgdUBjtikd9owOWPQVJJLEgVcHk9zQ0CtQBBLbZGCM++KpyW7J05FAyMClxQMKY57
UDGquaeIweqigA8iM9UX8qabOI9sfSi4hh0+M9Gamf2dno/5mncBp0ybI+ZMfWtRECIFHQCkwFNJ
SGJSUCK81uknT5W9RxVKSCRJFUbj70x3LKRkDH86eFAoEBpKYDTx1qNypGCM0XA3N2Bk9KSFd7eY
c+wPakSWAD9acKBkgAPUVDOsaAkjjvSGQ/2d5se/7rnt2qlLA8Jw6ke+OKYELnAqNVLHNAyVUp4W
kAuKMUAFIRQAquR1qQMDQAUlACU00AIaaeaYhppDQAwsBTGc9qTYWIi4PemGTBxQM3T+9k2D7o+9
irIA4A6UyR44p4+lACu2wcdT0qKFfPk3HmNenvSW4y5VTUJESEhgCx6ZFNjMVVMr+wqwsOB0oAds
o20gGkUmKAEpKAEpMkUAPD+tOzmgBKaaAG0lMBpprDIoERMpFMNSMrORuIHFMOdw6kVSGdMkDRrw
ee9SLvXtTMx4kPdT+VSo6nvikMjkLSuI14Ldf9kVbRAihVGAKEMHcIpZjgCsG7na5m/zxQ9xk8EO
1RxU+ykxDStMIpDGEUw0wENNNAxKSgQYpRmgBHfBx1o3A0AGabTATNIaBDTUbJ6UNAVGjIPSo2Vl
PGSKEM7ADJp2KZIoUHtTJmVBnHTt60hoktoTGpZ+XbqanpjMnU7vJ8tDwOvvUFpAfvHqaldwZfVc
CgigBjCo2pDIzTDQA00hoAbRTAMUMQi579qBEBNAJFADg4NLmmAhptACZpCaYhrKDULJikxnVAYF
KBQSKx2Lx1NQwJ50nmn7i/dB70LcZcqrfXIhjwD8x/ShjMiGMzSbj0rTij2igRJimtUjI2qJqBjD
TDQAw0hoASigBwAAyegqu7bmzTAZSUCClD+tMBc0hNADSaTNAgzSHmmB0YkWnh1HJpCIW3TyeWOP
7x9KuKoVQAMAU0MbLIsUZdu1YU0jXM5/Wl1GX7aEKo4qyBikxCGmNSGRNUZoGRmmGgBppKAClVc0
wI53ydq9BUNADaKBCU0mmAbsUbs0AIWpN1ACbhRupiOqCL6CoZnA+6MnsPWkxImt4vKTnlj1PrUt
MpGRqN0ZH2J0HSls7faMnqaS7iZfVcClNIBjGo2NIZGxqNqBjDTDQAhpKAFApJX8tMD7xoAqk0lM
QlJmgBpNITTAaTUYlUnrigB24HvUcjFPegBofNBfb3pgdhPJsGB+J9KZax7285hgfwj0pIRbqjqN
0Ik8tTyevtQxmfaxGR97VqRpgUCJKaTSAjY1GxpDI2NMJoGMNNNACUYoAdwq7j0FVHcuxJoAZSE0
xDc0lMBKaaAIpnwuO5qtQMcpPrS5z1oARjtGajZietMR10RN24HO3q5rRAAGBQthEVzOIIix69hW
J81zNk8il1G9jSgjCgVYFDJEJphNIZGxqMmkMYTTCaBjTTaACnquTQBXuJdzbV+6KgpoBDTTQISi
mA000mgCpISzEmiNNzYFAySXaMBVAx3xUBOTwcUIBCc9elN6mmI7mzhEMQHfuanZgqlicAUMSMS8
uGuZsDp2FT20QUCkgZcXilzQA0tUZakAwmmE0DGE03NADaKAFApJ38tNo+8f0pDKZpDTENNJTASk
NACGmGgCNlDdRUSuI2IB/OgBScnNMcDFAyPk9qesfAzVCO8ziqd+ZHQJHjHepZKZnwxhHwxBY1eQ
4FMB+6kLUhjC9MLUgGlqaTQMYTSZoASlFAD8iNC5/CqTsXYk9TQMYaQ0CG0UwEppoAQ000ANNUmz
uORimAqsw9xQzbqBkiYIp4GTQI6qa9jj4B3H2qhcXrvnsPapFYghctJuJq+knFUA7zKjaYCkAhkH
rRvpAJuppNAxM0UAAp6DNAFe4l3tgfdHSoaEMaTSGmISkoASkNADTTTQAhqNlDdRTAiaMrypzTkt
2kXdwM0xDTFInY0sZYtigDUZ6jLZNIB8bYq3GSR6UAKzccVFmkAx3K05ZM0ASbqM0DDNLmkAq80T
ybF2Dqe
tAFSkNMBtJQAUhoAaaQ0AIaaaYDTSGgBKBIycDkUAO88EdDn0pijHPc0gLLPSxo0hwPzp
iLSRKnJ5NSbqBCE0wnmgYxvmGKiRyDg0gJ1anBqAHA04UDH7hGm49e1VGYsST1NIBppKYCUlACUl
ACU2gBDSGmIaaSgBKSgAC96U0hlmOHJy1WVwowBiqJF3UZpAIWppOaBiZqGYYO4fjQA6N6lDUgHh
qlTnnsKAIppN7ew6VETQMTNJQAUlADaSgBCabTASkoEJTTQA1sgZFCnNAx4OKcSG6jB9qkZZBp4N
WSLmk3elIBM+tLmgBM01gGGDQBApKtg1MrUAPDVIXxHtHU9aQEeaTNACUUAJSUANzSZpgITTc0AJ
SUAJSUAFIBgUmMWikMtA0u6rJFyaXNIAzSZoAM0maAIZh/EPxoR6AJQ1PzmgAzSUAJSMSBx1oAQZ
xz1oNADSaaTQAhNNzQAZooASkoAKKRQUUATg04VRIuaXNABmkzSAM0E0ANPIwag+42KAJVapAaAF
ooAKSgBKQ0ANNMY0ARlx60m4etAxc0oNAC0lAgoBzSY0FFAyVWyKfmqJFozQAUZoAKKAGk1FKMjI
6ikAiNUoNADwc0tABSUAJSGgBjHAzULHJ7/QUDE8tj6CmmI+ooEJll61IpzQMdRTEFREsDzSGSKw
b60uKQxVO0+1TCqJFooAKKACkoAQ000gIT8re1Sq1ADwafQAUlABSGgCCVstj0pyptGTy1AAaaaA
GkZpg+U0wJAaWgApCM9aAEChf8acpzwetJjFIp8bdjTEPooAKKACigAph4oAY4yPemo1AEoNPBzQ
AtFACUUAQhcy81IaAGGmmgBKawoAcKdQAUYoAaxCjmmCQO2OnoaQ0P/ZAAAAAAAAAAAAAAAAAAAA
AAAAAAAAAAAAAAAAAAAAAAAA
CAMJPEG_END
[run 3] result=True reason=ok
[summary] passes=3/3 distinct_crc=3
[PASS] serial photo dump appears legit
