[boot_ready] True
[run 1] sending camdump
[camdump] capture + serial JPEG dump
[sscma] sendAT(17): AT+SENSOR=1,1,0

[sscma] sendAT(13): AT+SAMPLE=1

[sscma] WARN: bogus AVAILABLE count 0x1304 ? retry 1/3
[sscma] WARN: bogus AVAILABLE count 0x1304 ? retry 2/3
[sscma] WARN: bogus AVAILABLE count 0x1304 ? retry 3/3
[sscma] WARN: bogus AVAILABLE count 0x1304 ? retry 1/3
[sscma] WARN: bogus AVAILABLE count 0x1304 ? retry 2/3
[sscma] WARN: bogus AVAILABLE count 0x1304 ? retry 3/3
[sscma] WARN: bogus AVAILABLE count 0x1304 ? retry 1/3
[sscma] WARN: bogus AVAILABLE count 0x1304 ? retry 2/3
[sscma] WARN: bogus AVAILABLE count 0x1304 ? retry 3/3
[sscma] WARN: bogus AVAILABLE count 0x1204 ? retry 1/3
[sscma] WARN: bogus AVAILABLE count 0x1204 ? retry 2/3
[sscma] WARN: bogus AVAILABLE count 0x1204 ? retry 3/3
[sscma] WARN: bogus AVAILABLE count 0x1204 ? retry 1/3
[sscma] WARN: bogus AVAILABLE count 0x1204 ? retry 2/3
[sscma] WARN: bogus AVAILABLE count 0x1204 ? retry 3/3
[sscma] WARN: bogus AVAILABLE count 0x1204 ? retry 1/3
[sscma] WARN: bogus AVAILABLE count 0x1204 ? retry 2/3
[sscma] WARN: bogus AVAILABLE count 0x1204 ? retry 3/3
[sscma] WARN: bogus AVAILABLE count 0x1104 ? retry 1/3
[sscma] WARN: bogus AVAILABLE count 0x1104 ? retry 2/3
[sscma] WARN: bogus AVAILABLE count 0x1104 ? retry 3/3
[sscma] WARN: bogus AVAILABLE count 0x1104 ? retry 1/3
[sscma] WARN: bogus AVAILABLE count 0x1104 ? retry 2/3
[sscma] WARN: bogus AVAILABLE count 0x1104 ? retry 3/3
[sscma] WARN: bogus AVAILABLE count 0x1104 ? retry 1/3
[sscma] WARN: bogus AVAILABLE count 0x1104 ? retry 2/3
[sscma] WARN: bogus AVAILABLE count 0x1104 ? retry 3/3
[sscma] WARN: bogus AVAILABLE count 0x1004 ? retry 1/3
[sscma] WARN: bogus AVAILABLE count 0x1004 ? retry 2/3
[sscma] WARN: bogus AVAILABLE count 0x1004 ? retry 3/3
[sscma] WARN: bogus AVAILABLE count 0x1004 ? retry 1/3
[sscma] WARN: bogus AVAILABLE count 0x1004 ? retry 2/3
[sscma] WARN: bogus AVAILABLE count 0x1004 ? retry 3/3
[sscma] WARN: bogus AVAILABLE count 0x1004 ? retry 1/3
[sscma] WARN: bogus AVAILABLE count 0x1004 ? retry 2/3
[sscma] WARN: bogus AVAILABLE count 0x1004 ? retry 3/3
[sscma] found image field: 4752 base64 chars
[sscma] base64 -> 3564 JPEG bytes
[camdump] OK len=3564 crc32=4497787B dt=1335 ms head=FFD8FF tail=0000
CAMJPEG_BEGIN
/9j/4AAQSkZJRgABAQEASABIAAD/2wBDABsSFBcUERsXFhceHBsgKEIrKCUlKFE6PTBCYFVlZF9V
XVtqeJmBanGQc1tdhbWGkJ6jq62rZ4C8ybqmx5moq6T/2wBDARweHigjKE4rK06kbl1upKSkpKSk
pKSkpKSkpKSkpKSkpKSkpKSkpKSkpKSkpKSkpKSkpKSkpKSkpKSkpKSkpKT/wAARCADwAPADASEA
AhEBAxEB/8QAHwAAAQUBAQEBAQEAAAAAAAAAAAECAwQFBgcICQoL/8QAtRAAAgEDAwIEAwUFBAQA
AAF9AQIDAAQRBRIhMUEGE1FhByJxFDKBkaEII0KxwRVS0fAkM2JyggkKFhcYGRolJicoKSo0NTY3
ODk6Q0RFRkdISUpTVFVWV1hZWmNkZWZnaGlqc3R1dnd4eXqDhIWGh4iJipKTlJWWl5iZmqKjpKWm
p6ipqrKztLW2t7i5usLDxMXGx8jJytLT1NXW19jZ2uHi4+Tl5ufo6erx8vP09fb3+Pn6/8QAHwEA
AwEBAQEBAQEBAQAAAAAAAAECAwQFBgcICQoL/8QAtREAAgECBAQDBAcFBAQAAQJ3AAECAxEEBSEx
BhJBUQdhcRMiMoEIFEKRobHBCSMzUvAVYnLRChYkNOEl8RcYGRomJygpKjU2Nzg5OkNERUZHSElK
U1RVVldYWVpjZGVmZ2hpanN0dXZ3eHl6goOEhYaHiImKkpOUlZaXmJmaoqOkpaanqKmqsrO0tba3
uLm6wsPExcbHyMnK0tPU1dbX2Nna4uPk5ebn6Onq8vP09fb3+Pn6/9oADAMBAAIRAxEAPwCpUM0e
fmXrQIgooGJRTAKKACigAooASikAUUAFJQAUUAFJQAUYoASkoAKWgAoxQBo0tAiCaLHzKKhoAKKB
hSUAFFABRQAUlABRQAUlABRQAUlABRQAUYoAMUUAFFAGhS0CDGaryxbDkdKAIqKBhRQAUlABRQAU
UAJRQAUUAJRQAUUANpcUAFAoAKKACigDQpaBC0EAjBFAFWWMofamUAJRQMKKACkoAKKACkoAKKAA
DJwKtfZBkA5FAEU8BibHWo9jEdDQAzHtRQAUUAFFABSjigDQoFAh1LQAMgdcGqUkZRsGgBtFAwpK
ACigApKACigBKKAJ7RQZd7EAL61okqVzwalgVdhlYuRx2FIYyBuHQdqBsjwvoKa0Y9BTTExjRjtU
RGOtUIMUmKQxRxS0xGq0OeV/I1FgjqKQhaWkMdTZIxIuD19aAKToUOCKbimMKKAEooAKKAEooAKS
gDSS0YWq8ZJ5I70xH2KS4I9qTBEgkBGAMUEZFQMYYc9BUUi7GOKoBvBH+NMZM00xNETIV9xTaYgp
aYHQNCR0qN4Q3UYNSIgaJl7ZHtSCgBaUUDGTQiRePvVRKlTgjBoASimMSigBKKACkoAKmtIvOuFX
t3oEzdxioJrdJcEjBFSBRmR4pCzDgdMd6RJcr82BSsUTLkjiopkxz3NAEKRlmx29aWUbWx29TTAY
RTfJL8oKaBkRBU4YEH3oqiTqlHc0rRBu3NQSQmIhiBzjrUEsGTlRg+lMZAVKnkEUAUDHCopbdZTn
oaAITZP2YfjUbWsg7A/SmBGY3H8J/Km7W/un8qBiUUAJRQAlaulQ7YzKerdKBMvUlSMY6K4wwBHv
VKazCvvXLD+7QBB5rK+ACT3HpUrMG64pMYqLj6Gq86Oz4HI7UxEkVuermpwoUcCqE3cjlhSUcjn1
qjLC8R5GR6igDqgMdsUkj7FwOWPQVIiWJNq4PJ70NArexoEQS23GCuffFU5Ldk6DIoGR4pcUDFqN
27UDGqM08Rg9VFAB5EZ6ov5U02cR7Y+lFwGHT4z0ZqZ/Z2fuv+Zp3ENOmTZHzJj61qogjQKOgFDY
BSVIxKSmBBNbpJ0+VvUcVRkgkSRVG4+9AFlEIH+NPCAfWmIKSgBDgVG5UjBGaLgbm7AyenvTYV3t
5hz7A0hFkA/WnCkA8AHqM1DOsaAkjjvSGQ/2d5se/wC657dBVKWCSE4dSPfHFXYCFzgVGqljmkMm
VKcFoAXFGKQBikIoAVXI61IGBoAKQ0AJSGgBppppiG0hpgNZgKjZz2pXCxEXB70xpMHFIZut+9k8
sfdH3sVZAHAHSmSSDinCgBXbYvHJPSook8+TceY16f7VJblFyqmoSIkJDAFj0yKpgYqqZX9hVhYc
DpSAdso20gEIpCKBjaSgBKASKAHB/WnZzQIQ000ANNIaYCGmMMigREykU01JRWcjcQOKjOdw6kVa
A6aOBo14PJ61Ku9eooIHCQ9walR1PepAjkLSuI14Zuv+yKtogRQqjAFUigdwilmOAKwrudrmbj/9
VJ72GTwQ7VHFTbKTENK0wikAwimmmMaaQ0AJSUAJilXNAhHcA4o3A0AFJTAaaQ0ANNRsnpQwKjRk
HpUbKynjkU0B2AGTTsZpEihAe1MmZYx06dvWkNEltEY1LPy7dTU9WMytTu8ny0PA6+9QWkB+8epq
fMGXlTApSKkCNhUbCgZGaaaAGGkpgJSUALihjsXPegCuTQCRTEPDg0ZoAQ000AJmkzTENZQahZMU
mM6oDApQKCRWO0cdTUUCedJ5h+4v3R60LcZbqrfXIhjwD8x/SmxmRChmk3HpWpFHtFICTFMapAja
o2oGRtTDQAw0hpgJRigBwAAyegqvIxZs0AMpKYgpQ/rQAuaQmgBpNJmmIM0hoA6QOtODqOTSEQvu
mk8scZ+8fSriqFUADAFNbDGyyLEhdugrCnke6nPvSe4y/bQhFHFWgMUmJCGo2pFETVG1ADDTDQA0
02mAYpwGTQBFO+TtHQVDQgEpKYhKaTQAbiKN2aAELUm4UwDcPWjdQI6kRr6CoZnC/dGT2HrSYE1v
F5Sc8sepqWqGZGo3RkfYh4HSls7faMnqanzBl9VwKcakBjGo2NAyJjUbUAMNMNACUlMBQKSV/LTH
8RpAVTSUwEpM0wGk0hNAhpNRiVSeuKAHbge9RyMU96YDQ+aC+O9AHYTSbBgfifSmWse9vOYYH8IP
aktxFuqOo3QiTy1PJ6+1NjM+1iMj72/CtSNNopMRJTSakYxjUTGgZGTTCaAGGmmgBKAKYD+FUseg
qnI5diTQAykJpgITTaBCUhoAhmfC4HU1WpjHKT60uc9TQAjHaM1GzE0COuiY3b4529XNaIAAwKFs
IiuZxBEWPXsKxPmuZsnkUdRvY0oIwoFWBSYhCaYxqRjGNRk0ARk0wmgY00lMApyrk0AQXEm5tq/d
FQUIBpNIaYDaKBDTTSaAKkhLMc8URpubApjJJdowFUDHcCoCcnrihAITnr0FN6mmI7mzh8mIDv3N
WGYKpJOAKBIxLy4a4lwOnYVNbRBBUoGXF4pSaQDS1Rs1AxhamE0AMJppoGNNFACgUk7+Wm0feP6U
gKZpCaoBppKBBTTQAhphpgRsoPUVGriNiAfzoADyc+tMcADpQMj5PanrHwCaYjvM4qnfmR02R9O9
SJMz4Ywj/MQWNXkIApiJN1IXqRjC9MLUDGFqaTQA0mm5oAKUUDHZEaF2/CqTsXYsepoAbTTTAbRQ
IQ02gBDTTTAaapNncc8UAKGYe9DNupjJEwRTwMmgR1c17HHwDuPtWfcXrvnsPao3EQQuWk3E1fST
jrVAOMlRvMBSADIPWk30hiFqQmgBuaKACnouaAILiXe2B90dKgoQxpNIaYhKSgBKQ0ANNNNMBDTG
QN1FAELRleV5FOS3aRdwwCe1MQ0xSR9jSxli2KANRnqMtk0gHxNiraEkeg96AHM3Hy1DmkA13K05
ZM96Bj91GaADNLQA5RSTybF2DqetIC
rTSaYDaSgApKAG0lMBDTTQA00lACUCRk4HIpgO88EdD9KY
oxz3NICy8lLGrOcD86Yi0kSpyeTUm6kIQtTCcUDGt8wxUKOQcGgCdXpwakMcDThQA/cI03H8Kqsx
YknqaAGGkoASkpgJSUAJTaAEpKBDTSUAJSUwAL3xS1IyzHFk5Y1ZXCjAGKokXdRupDELU0nNABmo
Jhg7h+NADo34qUNQA8NUqc/QUhkU0m9vYdKjJoAbSUwCkoASm0AJSUANpKBCU00wEbIGRSKc0hjw
2KccMM9DSGWQaeDVEi5pN3pSAT60uaAEzTWAYYNAECko2DU6tQA4NUpfEe0dT1oGRZpCaAEooASk
NACU0mgBM03NAgptACUlMA+tIBgUmMWikMtA0uaokXOaXNABmkzQAZpM0gIph/EPxpEegCUNT85o
AM0lABTWJA460DEGcc0GgBpNITQIYTSZoAM0UwEpKACipGFFAycGnCqJFzS5oAM0maADNBNADTyM
VB9xsUgJVapAaAFooAM0lACUhoAaaYxoAjLD1pNw9aBi5pQaYC0lAgozmkxoKKQyVWyKfmqJFzRm
gAzRQAZooAaTUUoyMjqKAERqlBoAkByKKACkoAKaaQDGOBk1CzE/4CgYnlsfQUhib1FMQ3LL1qRW
zQMdRQIKiJYHmgZIrBvrS4qRiqdpqaqJFooAM0UAFJQAhppoAhPyt7VKrUASKadQAUlABSGgCCVv
mx6U5U2jJ5agANNNADSM0wfKaAJBS0AFIRnrQAgUL/jTwc8HrSYwIp8bdjVCH0UgCigAooAKYeKA
GOMj3pqNQBKDTwcigBaKAEooAhC5l5qQ0AMNNNACU1hQA4U6gAoxQA1iFHNMWQM2OnoaBgD/2QAA
AAAAAAAAAAAAAAAAAAAAAAAAAAAAAAAAAAAAAAAA
CAMJPEG_END
[run 1] result=False reason=bad_jpeg len=3564/3564 crc=4497787B/4497787B
[run 2] sending camdump
[camdump] capture + serial JPEG dump
[sscma] sendAT(17): AT+SENSOR=1,1,0

[sscma] sendAT(13): AT+SAMPLE=1

[sscma] WARN: bogus AVAILABLE count 0x1310 ? retry 1/3
[sscma] WARN: bogus AVAILABLE count 0x1310 ? retry 2/3
[sscma] WARN: bogus AVAILABLE count 0x1310 ? retry 3/3
[sscma] WARN: bogus AVAILABLE count 0x1310 ? retry 1/3
[sscma] WARN: bogus AVAILABLE count 0x1310 ? retry 2/3
[sscma] WARN: bogus AVAILABLE count 0x1310 ? retry 3/3
[sscma] WARN: bogus AVAILABLE count 0x1310 ? retry 1/3
[sscma] WARN: bogus AVAILABLE count 0x1310 ? retry 2/3
[sscma] WARN: bogus AVAILABLE count 0x1310 ? retry 3/3
[sscma] WARN: bogus AVAILABLE count 0x1210 ? retry 1/3
[sscma] WARN: bogus AVAILABLE count 0x1210 ? retry 2/3
[sscma] WARN: bogus AVAILABLE count 0x1210 ? retry 3/3
[sscma] WARN: bogus AVAILABLE count 0x1210 ? retry 1/3
[sscma] WARN: bogus AVAILABLE count 0x1210 ? retry 2/3
[sscma] WARN: bogus AVAILABLE count 0x1210 ? retry 3/3
[sscma] WARN: bogus AVAILABLE count 0x1210 ? retry 1/3
[sscma] WARN: bogus AVAILABLE count 0x1210 ? retry 2/3
[sscma] WARN: bogus AVAILABLE count 0x1210 ? retry 3/3
[sscma] WARN: bogus AVAILABLE count 0x1110 ? retry 1/3
[sscma] WARN: bogus AVAILABLE count 0x1110 ? retry 2/3
[sscma] WARN: bogus AVAILABLE count 0x1110 ? retry 3/3
[sscma] WARN: bogus AVAILABLE count 0x1110 ? retry 1/3
[sscma] WARN: bogus AVAILABLE count 0x1110 ? retry 2/3
[sscma] WARN: bogus AVAILABLE count 0x1110 ? retry 3/3
[sscma] WARN: bogus AVAILABLE count 0x1110 ? retry 1/3
[sscma] WARN: bogus AVAILABLE count 0x1110 ? retry 2/3
[sscma] WARN: bogus AVAILABLE count 0x1110 ? retry 3/3
[sscma] WARN: bogus AVAILABLE count 0x1010 ? retry 1/3
[sscma] WARN: bogus AVAILABLE count 0x1010 ? retry 2/3
[sscma] WARN: bogus AVAILABLE count 0x1010 ? retry 3/3
[sscma] WARN: bogus AVAILABLE count 0x1010 ? retry 1/3
[sscma] WARN: bogus AVAILABLE count 0x1010 ? retry 2/3
[sscma] WARN: bogus AVAILABLE count 0x1010 ? retry 3/3
[sscma] WARN: bogus AVAILABLE count 0x1010 ? retry 1/3
[sscma] WARN: bogus AVAILABLE count 0x1010 ? retry 2/3
[sscma] WARN: bogus AVAILABLE count 0x1010 ? retry 3/3
[sscma] found image field: 4764 base64 chars
[sscma] base64 -> 3572 JPEG bytes
[camdump] OK len=3572 crc32=0B05456E dt=1301 ms head=FFD8FF tail=0000
CAMJPEG_BEGIN
/9j/4AAQSkZJRgABAQEASABIAAD/2wBDABsSFBcUERsXFhceHBsgKEIrKCUlKFE6PTBCYFVlZF9V
XVtqeJmBanGQc1tdhbWGkJ6jq62rZ4C8ybqmx5moq6T/2wBDARweHigjKE4rK06kbl1upKSkpKSk
pKSkpKSkpKSkpKSkpKSkpKSkpKSkpKSkpKSkpKSkpKSkpKSkpKSkpKSkpKT/wAARCADwAPADASEA
AhEBAxEB/8QAHwAAAQUBAQEBAQEAAAAAAAAAAAECAwQFBgcICQoL/8QAtRAAAgEDAwIEAwUFBAQA
AAF9AQIDAAQRBRIhMUEGE1FhByJxFDKBkaEII0KxwRVS0fAkM2JyggkKFhcYGRolJicoKSo0NTY3
ODk6Q0RFRkdISUpTVFVWV1hZWmNkZWZnaGlqc3R1dnd4eXqDhIWGh4iJipKTlJWWl5iZmqKjpKWm
p6ipqrKztLW2t7i5usLDxMXGx8jJytLT1NXW19jZ2uHi4+Tl5ufo6erx8vP09fb3+Pn6/8QAHwEA
AwEBAQEBAQEBAQAAAAAAAAECAwQFBgcICQoL/8QAtREAAgECBAQDBAcFBAQAAQJ3AAECAxEEBSEx
BhJBUQdhcRMiMoEIFEKRobHBCSMzUvAVYnLRChYkNOEl8RcYGRomJygpKjU2Nzg5OkNERUZHSElK
U1RVVldYWVpjZGVmZ2hpanN0dXZ3eHl6goOEhYaHiImKkpOUlZaXmJmaoqOkpaanqKmqsrO0tba3
uLm6wsPExcbHyMnK0tPU1dbX2Nna4uPk5ebn6Onq8vP09fb3+Pn6/9oADAMBAAIRAxEAPwCpUM0e
fmXrTEQUUDEooAKKACigAooAKSgAooAKSgAooAKSgAoxQAlJQAUUALRigDSooEQTRY+ZRxUNABRQ
MKSgAooAKKACkoAKKACkoAKKACkoAKKQBRimAYooAKKANCloEGM1Xli2HI6UARUUDCigAooASigA
ooAKSgAooASigAopAJRimAlKKACikAUUAaNFMQtKQGGDSAqSxlD7UymAUlAwooAKKQCUUAFFACUU
AAGTgVa+yDIByAe9AEU8BibHWo9jEdKAGYNFABRTAKKQBSjimBoUtIQtLQAMgdcGqckZjbBoAZRQ
MKKAEooAKSgAooAKSgCe0UGTexAC+taJKlc8GkwKuwysXI47CkMRClh0HakNkeF9BTWjHoKaYmhj
RjtURGOtUJBikxQMcOKMUCNZoc8r+VRYI6ikIKdQMWmyRiRcHr60AUmQo2CKbQAUUDCkoAKKAEoo
AKKANFLRhaLgZJ5I70xH2KS4I9qTBEgkBGBxQRkVIxhhz0qKRdjHFMBvBH+NMZM00xNETIV9xTaY
gpaYHQtCR0qJ4Q3UYPrSJIWhZe2R7U0UDFpRQMZNCJF4+9VEqVOCMGgBKKBiUUAFJQAYpKACprSH
zrhV7d6BM3cYqGa3SXBIwRSAoTI8UhZhwOmO9IkuV+bApWKJlzjiopkxyeppARJGWbHQUTDa2O3r
VAMNN8kvygoQMiYFThgQfeiqJOrUdzQ0QbtSJITEQxAGcdahlt9xyowfSgZXKlTyMUCgY4CoprdZ
TnoaAITZP2YVG1rIOwP0oAjMbj+E/lTdrD+E/lQAlFAwpKACtTSodsRlPVulAmX6bSAa6K4wwBHv
VGazCvvXJH92gZB5rK+ACT3HpUrMG64pMYqLj6Gq86Oz4HI7UCJIrc9XNThQo4FWK9yOWFJByOfU
VRlheI8jI9RQB1QGO1DvsGByx6CpJJIowqYPJ7mlaBW+tAFeW2yMMufeqcluydBkUDIwKdigYVG7
dqBjQuaeI1PVQaAF8iM9UX8qabOI9sfSi4rEZ0+M9Gamf2dn7r/madwGnTJsj5kI+taqII0CDoBS
YC02kMSkpiIJrdJOnyt6jiqMkEiSKo3H3oGWkjIGP504IB9aEIDSUxCHjrUblSMEZouM3N2Bk9Pe
khXe3mHI9AaRJYAP1pwoGPAB6ioZ1jQEkcd6QyH+z/Nj3/dc9ugqlLC8Jw6ke+OKqwELnApiqWOa
QyVUp4WkAuKMUAJSUAOVyOtPDA0ALTaAENIaAGmmnmmIbSGgBpYCo2c9qTYERcHvmmGTBxQM3m/e
yeWPuj72KsgAYAqiR446U8UgFdti8ck9KhiXz5Nx5jXp/tUluMuVU1CREhIYAsemRTYzFVTK/sKs
rDgdKAHbKTbSAQikIoAbSUAJQCRQA4P607OaAENNNACU00wENNYZGKBELKRTTUjKzkbiAcVGc7h1
IqkM6eOBo14PJ61IvmL1FMzHiQ9walR1PekMikLSOI14Zuv+yKtogRQqjAFCKB3CKWY4ArCu52uZ
uP8A9VDAnghCqOKm2UmIaVphFAxhFNNAxppKAEpKAExSjNAgd8HFJuBoAM0maYDTSUCGmo2T0oaA
qPGQelMZWU8ZIoQzrwMmn47UyRQgPao5mWMZx07etJjRJbRFFLPy7dTU9MDK1O6yfLQ8Dr71BaQH
7x6mku42X1TAoIpARsKjakMYaYaAGmm0AJRTAMUMQi579qBEBNICR0oAeHzS5pgNNIaAEzTc0xDW
UGoWTHWkxnVAYFKBTJFY7V46mooE86TzD9xfuj1pLcZbqrfXIhjwD8x/ShjMiGMzS7j0rUij2igR
JimNUjI2qNqBkbUw0ANNNoASlxTAcAAMnoKrO+5s0ANpKBCZpQ/rTAdmmk0AITTc0CDNIaYHSCRa
cHUcmkIhfdNJ5Y4z94+lXFUKoAGAKaGNlkESFm6CsOeR7mcj1pdRl62hCKOKtAYoYkIajapGRtUR
oGMNMNADTSUAJinBc0wIp3ydq9BUNACUlAhKTNMBN2KXdmgBC1N3CgA3e9G6mI6kIvoKhmcL90ZP
YetJiJ7eLyk55Y9T61JTKRkajdGR9idB096Wzt9oyeppLuDNBVwKU0hDGNRsaQyJjTCaBkZppoAa
aSgBQKJX8tMD7xoAqE0lMBKTNMQ0mkzQA0moxMpPXFADtwbvUcjFPegBofNBfb3pgdhNJsGB+J9K
ZbRmRvOYYH8IPakhFuqOo3QiTYp5PX2oYyhaxGR97VqRptFAiSmk0hkbGo2NICMmoyaBjDTTQAlK
BQA7hVLN0FU5HLsSaAGUhNMQhNNpgJSE0AQzPhcdzVagY5SfWlznqaAEY7RmmMxNMR1sTG7fHO3q
5rRAAGBQIiuZhBEWPXsKxPmuZsk5FLqN7GnBGFUVYFDJEJpjNSGRsajY0DGE0wmkMaabTAKcq5NA
EFzLubav3RUFCAaTSGgQlJTAQmmE0AVZCWbmkRNzYFAySXaMBVAx3qEnJ44oQhpJPXpTeppgdzZw
+TEB371YZgqkk4AoYkYl5cG4lwOnYVPbQhAKSBlteKUmgBpamM1IZGWphNADCaaTQAhpKBjgKSeT
y02j7x/SkBSNIaYDTSUxBTTQAhphoAjZQ3UVGriNiAfzoACcnPrTHAxQMjOT0FPWPgE1QjvM4qpf
mR02R4x3pMlMzoYxG/zEFjV5CAKAJN1IWpDGF6YWpANLUwmgY0mkzQAlKKAH5EaFz+FUXYuxY9TQ
MbTTQIbRTASkNADTTTQA01SbO45BFMBQzD3FDNuoGSIAR2qQDJoEdVNexx8A7j7Vn3F675wcD2pC
sQQuWk3E1fR+KYDvMpjzAUgEMg9aTfQAhakJpDEzSUAFSIuTQBXuJd7YH3RUBoQxCabTEJRQA2ko
AaaQ0ANNMZQ3UUwIWjK8r0pyW7SLuGBmmIaYpE7GljLFsUgNVnqItk0APjbFW0JI9KAHM2BgVDmk
A13K05ZM0AP3UuaBhmigBy80k8mxdg
6nrSAq00mmAlJQAlJQAlNNACGmmmAhppoEJQJGTpyKBjvP
BHQ59KYoxz3NICy7+lLGrOePzpiLaRKnJ5NSbqBDS1MJwaBjW+YYqFHIODSAnV808NQA4GlFAyTc
I03H8KqMxYknrSAaTTaYCUUANpKAEpDQA2kpiGmkoASkoAAvfFLSGWY4s8sasrhRgDFUSO3Um6kM
C1NJzQAmagmGDuH40AOjepg1IB4apE5+goAimk3t7DpUeaBjSaKAEpKAEptACGkpgJTTQIQ000AI
2QMikU5oGSBsUp2sMjg1Iy0DTgaskXNJupAGfWjNACZpGwwwaAK6ko2DU6tQA8NUhfEe0dT1pARZ
pCaBhSUCEpKYCGmmgBCaTNACUlADaKAEoAwKTGFFIZaBp26rJDJNLmgAzRmkAmaTNAEUw/iH40I9
AEoanZzQAZpKACmsSBxzQADOOetITQA0mkJoAaTTc0AGaKAEpKACikMKKBlgGlFUSOzRmgAzRmkA
maCaAGnkVB9xsUASq1SA0AOpKACkoASkJoAaTTGNADC49abuHrQMXNOBoEFJQAUA5pMaCigZMrZF
OzVEi5ooAKKACigBpqKUZGR1FIBEapQaAJAeKKACkoAKaaAGMQBk1CzE+v0FAxPLY+gpDE3qKBDc
svWpFbNAx1FMQVGSwPNIY9WDfWnYpDBTtPtU2aokWigAooAKKAENMNAER+RvapFagCQGnUAFJQAU
hpAQSt82PSnKm0ZPJoADTTQA1gDTB8ppgSCnUAJQQCKAGhQv+NPBzwetJjAinxt2NMRJRQIKKBiU
UAFMPFADHGR701GoAlBp6nigBaKACkoAhC5l5qQ0AMNNNACYprCgBy06gAoxQAjMFHNRiQO2Onoa
QwD/2QAAAAAAAAAAAAAAAAAAAAAAAAAAAAAAAAAAAAAAAAAAAAA=
CAMJPEG_END
[run 2] result=False reason=bad_jpeg len=3572/3572 crc=0B05456E/0B05456E
[run 3] sending camdump
[camdump] capture + serial JPEG dump
[sscma] sendAT(17): AT+SENSOR=1,1,0

[sscma] sendAT(13): AT+SAMPLE=1

[sscma] WARN: bogus AVAILABLE count 0x139B ? retry 1/3
[sscma] WARN: bogus AVAILABLE count 0x139B ? retry 2/3
[sscma] WARN: bogus AVAILABLE count 0x139B ? retry 3/3
[sscma] WARN: bogus AVAILABLE count 0x139B ? retry 1/3
[sscma] WARN: bogus AVAILABLE count 0x139B ? retry 2/3
[sscma] WARN: bogus AVAILABLE count 0x139B ? retry 3/3
[sscma] WARN: bogus AVAILABLE count 0x139B ? retry 1/3
[sscma] WARN: bogus AVAILABLE count 0x139B ? retry 2/3
[sscma] WARN: bogus AVAILABLE count 0x139B ? retry 3/3
[sscma] WARN: bogus AVAILABLE count 0x129B ? retry 1/3
[sscma] WARN: bogus AVAILABLE count 0x129B ? retry 2/3
[sscma] WARN: bogus AVAILABLE count 0x129B ? retry 3/3
[sscma] WARN: bogus AVAILABLE count 0x129B ? retry 1/3
[sscma] WARN: bogus AVAILABLE count 0x129B ? retry 2/3
[sscma] WARN: bogus AVAILABLE count 0x129B ? retry 3/3
[sscma] WARN: bogus AVAILABLE count 0x129B ? retry 1/3
[sscma] WARN: bogus AVAILABLE count 0x129B ? retry 2/3
[sscma] WARN: bogus AVAILABLE count 0x129B ? retry 3/3
[sscma] WARN: bogus AVAILABLE count 0x119B ? retry 1/3
[sscma] WARN: bogus AVAILABLE count 0x119B ? retry 2/3
[sscma] WARN: bogus AVAILABLE count 0x119B ? retry 3/3
[sscma] WARN: bogus AVAILABLE count 0x119B ? retry 1/3
[sscma] WARN: bogus AVAILABLE count 0x119B ? retry 2/3
[sscma] WARN: bogus AVAILABLE count 0x119B ? retry 3/3
[sscma] WARN: bogus AVAILABLE count 0x119B ? retry 1/3
[sscma] WARN: bogus AVAILABLE count 0x119B ? retry 2/3
[sscma] WARN: bogus AVAILABLE count 0x119B ? retry 3/3
[sscma] WARN: bogus AVAILABLE count 0x109B ? retry 1/3
[sscma] WARN: bogus AVAILABLE count 0x109B ? retry 2/3
[sscma] WARN: bogus AVAILABLE count 0x109B ? retry 3/3
[sscma] WARN: bogus AVAILABLE count 0x109B ? retry 1/3
[sscma] WARN: bogus AVAILABLE count 0x109B ? retry 2/3
[sscma] WARN: bogus AVAILABLE count 0x109B ? retry 3/3
[sscma] WARN: bogus AVAILABLE count 0x109B ? retry 1/3
[sscma] WARN: bogus AVAILABLE count 0x109B ? retry 2/3
[sscma] WARN: bogus AVAILABLE count 0x109B ? retry 3/3
[sscma] found image field: 4764 base64 chars
[sscma] base64 -> 3572 JPEG bytes
[camdump] OK len=3572 crc32=416AE2BF dt=1282 ms head=FFD8FF tail=0000
CAMJPEG_BEGIN
/9j/4AAQSkZJRgABAQEASABIAAD/2wBDABsSFBcUERsXFhceHBsgKEIrKCUlKFE6PTBCYFVlZF9V
XVtqeJmBanGQc1tdhbWGkJ6jq62rZ4C8ybqmx5moq6T/2wBDARweHigjKE4rK06kbl1upKSkpKSk
pKSkpKSkpKSkpKSkpKSkpKSkpKSkpKSkpKSkpKSkpKSkpKSkpKSkpKSkpKT/wAARCADwAPADASEA
AhEBAxEB/8QAHwAAAQUBAQEBAQEAAAAAAAAAAAECAwQFBgcICQoL/8QAtRAAAgEDAwIEAwUFBAQA
AAF9AQIDAAQRBRIhMUEGE1FhByJxFDKBkaEII0KxwRVS0fAkM2JyggkKFhcYGRolJicoKSo0NTY3
ODk6Q0RFRkdISUpTVFVWV1hZWmNkZWZnaGlqc3R1dnd4eXqDhIWGh4iJipKTlJWWl5iZmqKjpKWm
p6ipqrKztLW2t7i5usLDxMXGx8jJytLT1NXW19jZ2uHi4+Tl5ufo6erx8vP09fb3+Pn6/8QAHwEA
AwEBAQEBAQEBAQAAAAAAAAECAwQFBgcICQoL/8QAtREAAgECBAQDBAcFBAQAAQJ3AAECAxEEBSEx
BhJBUQdhcRMiMoEIFEKRobHBCSMzUvAVYnLRChYkNOEl8RcYGRomJygpKjU2Nzg5OkNERUZHSElK
U1RVVldYWVpjZGVmZ2hpanN0dXZ3eHl6goOEhYaHiImKkpOUlZaXmJmaoqOkpaanqKmqsrO0tba3
uLm6wsPExcbHyMnK0tPU1dbX2Nna4uPk5ebn6Onq8vP09fb3+Pn6/9oADAMBAAIRAxEAPwCpUM0e
fmXrTEQUUDEooAKKACigAooASigAooAKSgAooASigAoxQAlJQAUUALRigDSooEQTRY+ZelQ0AFFA
wpKACigAooAKSgAooAKSgAooAKSgAooAKMUAGKKACigDQpaBBjNV5othyOlAEVFAwooAKKAEooAK
KACkoAKKAEooAKKQCUYpgJSigAopAFFAGjRTELSkAjBFICpLGUPtTKAEopjCigAopAJRQAUUAJRQ
AAZOBVr7IMgHIHrQBFPAYmx1qPYxHSgBmD6UUAFFMAopAFKOKYGhS0hC0tAAyB1wapyRmNsGgBlF
AwooASigApKACigApKAJ7RQZN7EAL61okqVzwaTAq7DKS5HHYUhiIBYdB2pDZHhfQU1kHoKaYmMa
MdqiIx1qhBikxQMcOKMUCNZoc8r19DUWCOtIQtLQMUU2SMSLg9fWgCk6FGwRzTaACigYUlABRQAl
FABRQBopaMLVcDJPJHemI+xSXBHtSYIkEgIwBj2oIyKkYww56VFIuxuKYDeCP8aYyZ600xNETIV9
xTaYgpaYHQtCR0qJ4QeowaRJC0LL2yPamigYtLQMZNCJF4+9VEqVOCMGgBKKBiUUAFJQAUlABU1p
F51wq9u9AmbvSoZrdJcEjBFIChMjxSFmHA6Y70iS5X5sClYomXOOKimTGD60gIkjLNjt60Sja2Mc
etUAwim+SX5QUIGREMpwwIPvRVEnVqO5oMQbtSJITEQxA5A61DLb7jlRg+lAyuVKnkEUooGLiopr
dZTnoaQEJsn7EVG1rIOwP0pgRmNx/CfypNrf3T+VADaKBhSUAFamlQ7YjKerdKBMvGkNSA10Vxhl
BHvVGazCvvXJH92mMg81lfABz3HpUrMG+9ikxiouOnQ1XnR2cDqO1AiSK3PVzU4UKOBVCvcjlhSU
cjn1qjLC8R5GR6imB1QHtQ77RgcsegqSSSKPamDye5pWgVuelAFeW2yMMuffFU5Ldk6DIoGRgU7F
AwqN27UDGquaeIweqigBfIjPVF/KmmziPbH0ouIjOnxnozUz+zs9H/M07gNOmTZHzJj61qogjQKO
gpMBTTaQxKQ0xEE1uknT5W9RxVGSCRJFUbj70DLSRkDH86cEA+tAgNJTEIeKjcqRgjNFxm5uwMnp
70kK728w59gaRJYAP1pwoGPAB6jNQzrGgJI470hkP9n+bHv+657dBVKWCSE4dSPfHFVYCFzgVGql
jmkMmVKeFpALijFACUmKAHK5HWnhgaAFptACUhoAaaaeaYhppDQA0sBUbOe1JsLERcHqaY0mDikM
3m/eyeWPuj72KsgDgCrJHjinikArtsXjknpUMS+fJuPMa9P9qktxlyqmoSIkJ3AFj0yKbGYqqZX9
hVlYcdqAHbKTbSAQikxQA2koGJQCRQIcH9adnNACGmmgBDTTTAQ01hkUCIWUimmpGVnI3EA4qM53
DqRVIZ08cDRrwee9SLvXtTMx4kI6g1Kjqe9IZFIWlcRrwzdf9kVbRAihVGAKEUDuEUsxwBWFdztc
zYH/AOqhgTwQhVHFTbKTENK0wigYwimmgY00lACUlACYpVzQIHfBxSbgaADNJTAaaQmgQ01GyelD
QFR4yD0pjKy9ORQhnXgZNPxmmSKEB7VHMyxjOOnb1pMaJLaIopZ+XbqanpgZWp3Wf3aHgdfeoLSA
/ePU1K7jZfVMCgigCNhUbCkMYaYaAGmm0AJRTAMUMQi57npQIgJpASOlADw+aXNMBppDQAmaaTTE
NZQ1QsmKTGdUBgU4CmSDHavHU1FAnnSeYfuL90etJbjLdVb65EMZAPzH9KGMyYYzNLuPStOKPaKB
EmKY1SMjao2oGRmmGgBpppoASlxTAUAAZPQVXkfc2aAG0lMQlKHx1oAdmmk0AITTc0CDNJ1pgdIJ
FpwdRyaQiF900nljjP3j6VcVQqgAYApoY2WRYkLt0FYc8jXU+PXrS6jL1tCEUVaAxQxIQ1G1SMja
omoGMNMNADTSUAJTguaYEU75O0dBUNACUlMQlITQAm7FLuzQAhamlqADdRupiOpCL6CoZnC/dGT2
HrSYkT28XlJzyx6mpKZSMjUboyPsQ8DpS2dvtGT1NJdwZoKuBSmkIYxqNjSGRNTGoGRmmmgBppKA
FAolby0x/EaAKhpKYCUmaYhpNITQA0moxKpPXFADtwPeo5GKe9ADQ+aC+O9MDsJ5NgwPxPpTLaPz
G85hgfwg9qSEW6o6jdCJNin5j19qGMoWsRkfe34VqRptFAiSmk0gI2NRsaQyMmoyaBjDTTQAlLig
B3CqWboKpyOXYk0AMpDTEITTaYCUhoAhmfC4HU1WoGOUn1pc560AIx2jNMZiaYjrYmN2+Odv8RrR
AAGB0oERXM4giLHr2FYnzXM2TyKXUb2NOCMKKnFDJAmmMaQyNjUZNAxhNMJpDGmm0wDFOVcmgCC5
l3NtX7oqChANJpKBCUlMBDTCaAKshLMSeKRE3NgUDJJdowFUDHcVCTk8HFCAaST16Cm9TTEdzZw+
TEB37mrDMFUknAFDEjEvLg3EuB07Cp7aEKBSQMtrxTiaAGFqYzUgIy1MJoGMJppNACGkoGOAps7+
Wm0feP6UgKZpDTENNJTAKaaAENMNADGUN1FRK4jYgH86AAnJzTHAxQMj5PQU9Y+ATVCO8zVS/Mjp
sjxjvUslMzoYxG/zEFjV9CAKYD91IWpDGM9MLUgGlqYTQMaTSZoASlFAD8iNC7fhVF2LsWPU0DG0
00CG0UwEpDQA0000ANNUmzuORimAoZh7ihm3UDJEAI7VIBk0COqmvY4+Adx9qz7i9d89h7UtxWII
XLSbiavpJxTAd5lMeYCkAhkHrSb6AELUhNIYmaSgBRT0GaAK9xLvbA+6OlQUIYhNNNMQlFADaQ0A
NNIaAGmmMobqKYELRleVOaclu0i7hgZ7UxDTFJH2NLGWLYoA1Weoi2TSAfE2KtoSR6CgBzNgcVDm
kA13K05ZM96AH7qXNAwzRQA4Uk8mxd
gPJ60gKtNJpgJSUAJSUAIabQAhpppgIaaaAENAkZOByKAH
eeCOh+lMUY57mkBZZ/SljVpDgfnTEW0iVOTyak3UCGlqYTzQMa3zDFQo5BwaQE6tTw1ADgacKBj9
wjTcevaqjMWJJ60gGmm0wEooAbSUAJTaAEpDTENpKAEpKAAL3xS0hlmOLJy5qyuFGAMVRI7dSbqQ
AWppOaBiZqCYYO4fjQA6N6mDUgHhqkTn6CgCKaTe3HQdKjJoGNJooASkoATNNNACGkpiEptACU00
AI2QMikU5oGSBsUp2sOODUjLQNOBqyRc0m6kAZ9aM0AJmkYBhg0AV1JRsGp1agB4apC+Iwo6nrSA
jzTTQAlFACUhpgIaaaAEJpM0AJSUANooASgDApMaCigZaBp26qJDOaXNIAzRmgBM0ZoAhmH8Q/Gh
HoAlDU7OaADNJQAU1iQOKAAZxzSE0ANJpCaAGk03NABmigBKSgAopDCigZYBpRVEjs0ZoAM0ZpAG
aQmgBp5GKg5RsUASq1SA0AOpKACkoASkNADSaYxoAYXHrTdw9aBi5pwNAgpKACjOaTGgooGTI2RT
qokXNGaADNFABmigBpqKUZGR1FIBEapQaAJAeKKACkoAKaaAGscDJqBmJPf6CgYnlsfQUhib1FAh
uWXrUitmgY6imIKjJYHmkMerBvrTsUhgrbT7VNVEi0UAGaKACigBDTDSAiPyt7VIrUwJAadSAKKY
CUhpAQSt82PSnKu0ZPJoADTTQA0jPWmD5TTAkFOoAKQgHrQA0KF/xp6nPB60mMCKfG3Y0xElFAgo
oASigYUw0AMcZHvTUagCUGnqc0ALRQAUlAEIXMvNSGgBhppoASmsKAHLTqACigBGYKOajEgdsdPQ
0mNA/9kAAAAAAAAAAAAAAAAAAAAAAAAAAAAAAAAAAAAAAAAAAAA=
CAMJPEG_END
[run 3] result=False reason=bad_jpeg len=3572/3572 crc=416AE2BF/416AE2BF
[summary] passes=0/3 distinct_crc=0
[FAIL] capture stability or freshness still not good enough
