=== HabitTracker booting ===
[Boot] chip: ESP32-S3 rev0  cores=2  cpu=240MHz
[Boot] flash: 33554432 bytes  sketch: 788064 / 4718592 bytes
[Boot] heap: total=318104 free=293168
[Boot] psram: total=8386215 free=8385791  OK
[Duck] Converted 9 frames (25x25), 2300 opaque px total
[Storage] Mounted. Used: 49152 / 23986176 bytes
[RTC] Configured TZ offset -18000 sec, DST 3600 sec
[WatcherBSP] IO expander + rails initialised
[Pet] Loaded vitality: 100
[Habits] Loaded 5 habits
[GUI] SPD2010 412x412 (QSPI SPI3) ready
[Camera] Stub: embedded RGB565 scene 240x240 (115200 bytes) + JPEG mirror (3513 bytes)
[sscma] begin(): SPI2 SCLK=4 MOSI=5 MISO=6 CS=21 clk=12000000Hz mode=0
[sscma] expander cfg=0x20FF out=0xDF00
[sscma] hardReset(): RST low 100ms, high
[sscma] probing SPI link with AT+ID? ...
[sscma] sendAT(8): AT+ID?
[sscma]   rx +59 (kept 59, len=59) tail: 0D 7B 22 74 79 70 65 22 3A 20 30 2C 20 22 6E 61 6D 65 22 3A 20 22 49 44 3F 22 2C 20 22 63 6F 64 65 22 3A 20 30 2C 20 22 64 61 74 61 22 3A 20 22 33 36 30 37 37 39 66 35 22 7D 0A
[sscma] AT+ID? -> 57 bytes
[sscma] response: {"type": 0, "name": "ID?", "code": 0, "data": "360779f5"}
[sscma] sendAT(10): AT+NAME?
[sscma]   NAME: {"type": 0, "name": "NAME?", "code": 0, "data": "SenseCAP Watcher"}
[sscma] sendAT(9): AT+VER?
[sscma]   VER:  {"type": 0, "name": "VER?", "code": 0, "data": {"at_api": "v0", "software": "2024.08.16", "hardware": "1"}}
[sscma] *** Himax SSCMA SPI link ESTABLISHED ? camera ready ***
[Main] SSCMA camera online ? real frames enabled
[Main] Pet vitality: 100 | Habits: 5 | Date: 1970-01-01
[Main] Ready. State: IDLE
[Main] Type `help` on serial for the test-harness commands.
[HOST] --- capture cycle 1 ---
[State] IDLE -> CAPTURE_RITUAL @ 3069ms
[state] forced to CAPTURE_RITUAL
[GUI] drawCaptureRitual countdown=3  fb=0x0  len=0  stub=0
[GUI] drawCaptureRitual countdown=2  fb=0x0  len=0  stub=0
[GUI] drawCaptureRitual countdown=2  fb=0x0  len=0  stub=0
[GUI] drawCaptureRitual countdown=2  fb=0x0  len=0  stub=0
[GUI] drawCaptureRitual countdown=2  fb=0x0  len=0  stub=0
[GUI] drawCaptureRitual countdown=2  fb=0x0  len=0  stub=0
[GUI] drawCaptureRitual countdown=2  fb=0x0  len=0  stub=0
[GUI] drawCaptureRitual countdown=2  fb=0x0  len=0  stub=0
[GUI] drawCaptureRitual countdown=2  fb=0x0  len=0  stub=0
[GUI] drawCaptureRitual countdown=2  fb=0x0  len=0  stub=0
[GUI] drawCaptureRitual countdown=2  fb=0x0  len=0  stub=0
[GUI] drawCaptureRitual countdown=2  fb=0x0  len=0  stub=0
[GUI] drawCaptureRitual countdown=2  fb=0x0  len=0  stub=0
[GUI] drawCaptureRitual countdown=2  fb=0x0  len=0  stub=0
[GUI] drawCaptureRitual countdown=2  fb=0x0  len=0  stub=0
[GUI] drawCaptureRitual countdown=2  fb=0x0  len=0  stub=0
[GUI] drawCaptureRitual countdown=2  fb=0x0  len=0  stub=0
[GUI] drawCaptureRitual countdown=2  fb=0x0  len=0  stub=0
[GUI] drawCaptureRitual countdown=2  fb=0x0  len=0  stub=0
[GUI] drawCaptureRitual countdown=2  fb=0x0  len=0  stub=0
[GUI] drawCaptureRitual countdown=2  fb=0x0  len=0  stub=0
[GUI] drawCaptureRitual countdown=2  fb=0x0  len=0  stub=0
[GUI] drawCaptureRitual countdown=2  fb=0x0  len=0  stub=0
[GUI] drawCaptureRitual countdown=2  fb=0x0  len=0  stub=0
[GUI] drawCaptureRitual countdown=2  fb=0x0  len=0  stub=0
[GUI] drawCaptureRitual countdown=2  fb=0x0  len=0  stub=0
[GUI] drawCaptureRitual countdown=2  fb=0x0  len=0  stub=0
[GUI] drawCaptureRitual countdown=2  fb=0x0  len=0  stub=0
[GUI] drawCaptureRitual countdown=1  fb=0x0  len=0  stub=0
[GUI] drawCaptureRitual countdown=1  fb=0x0  len=0  stub=0
[GUI] drawCaptureRitual countdown=1  fb=0x0  len=0  stub=0
[GUI] drawCaptureRitual countdown=1  fb=0x0  len=0  stub=0
[GUI] drawCaptureRitual countdown=1  fb=0x0  len=0  stub=0
[GUI] drawCaptureRitual countdown=1  fb=0x0  len=0  stub=0
[GUI] drawCaptureRitual countdown=1  fb=0x0  len=0  stub=0
[GUI] drawCaptureRitual countdown=1  fb=0x0  len=0  stub=0
[GUI] drawCaptureRitual countdown=1  fb=0x0  len=0  stub=0
[GUI] drawCaptureRitual countdown=1  fb=0x0  len=0  stub=0
[GUI] drawCaptureRitual countdown=1  fb=0x0  len=0  stub=0
[GUI] drawCaptureRitual countdown=1  fb=0x0  len=0  stub=0
[GUI] drawCaptureRitual countdown=1  fb=0x0  len=0  stub=0
[GUI] drawCaptureRitual countdown=1  fb=0x0  len=0  stub=0
[GUI] drawCaptureRitual countdown=1  fb=0x0  len=0  stub=0
[GUI] drawCaptureRitual countdown=1  fb=0x0  len=0  stub=0
[GUI] drawCaptureRitual countdown=1  fb=0x0  len=0  stub=0
[GUI] drawCaptureRitual countdown=1  fb=0x0  len=0  stub=0
[GUI] drawCaptureRitual countdown=1  fb=0x0  len=0  stub=0
[GUI] drawCaptureRitual countdown=1  fb=0x0  len=0  stub=0
[GUI] drawCaptureRitual countdown=1  fb=0x0  len=0  stub=0
[GUI] drawCaptureRitual countdown=1  fb=0x0  len=0  stub=0
[GUI] drawCaptureRitual countdown=1  fb=0x0  len=0  stub=0
[GUI] drawCaptureRitual countdown=1  fb=0x0  len=0  stub=0
[GUI] drawCaptureRitual countdown=1  fb=0x0  len=0  stub=0
[Camera] =============================================
[Camera] capture #1 requested at t=5178 ms
[Camera] (1) SSCMA path: requesting REAL frame...
[sscma] sendAT(10): AT+BREAK
[sscma] sendAT(17): AT+SENSOR=1,1,3
[sscma] sendAT(13): AT+SAMPLE=1
[sscma] WARN: bogus AVAILABLE count 0x4407 ? discarding
[sscma] WARN: bogus AVAILABLE count 0x4407 ? discarding
[sscma] WARN: bogus AVAILABLE count 0x4407 ? discarding
[sscma] WARN: bogus AVAILABLE count 0x4407 ? discarding
[sscma] WARN: bogus AVAILABLE count 0x4407 ? discarding
[sscma] WARN: bogus AVAILABLE count 0x4407 ? discarding
[sscma] WARN: bogus AVAILABLE count 0x4407 ? discarding
[sscma] WARN: bogus AVAILABLE count 0x4407 ? discarding
[sscma] WARN: bogus AVAILABLE count 0x4407 ? discarding
[sscma] WARN: bogus AVAILABLE count 0x4407 ? discarding
[sscma] WARN: bogus AVAILABLE count 0x4407 ? discarding
[sscma] WARN: bogus AVAILABLE count 0x4407 ? discarding
[sscma] WARN: bogus AVAILABLE count 0x4407 ? discarding
[sscma] WARN: bogus AVAILABLE count 0x4407 ? discarding
[sscma] WARN: bogus AVAILABLE count 0x4407 ? discarding
[sscma] WARN: bogus AVAILABLE count 0x4407 ? discarding
[sscma] WARN: bogus AVAILABLE count 0x4407 ? discarding
[sscma] WARN: bogus AVAILABLE count 0x4407 ? discarding
[sscma] WARN: bogus AVAILABLE count 0x4407 ? discarding
[sscma] WARN: bogus AVAILABLE count 0x4407 ? discarding
[sscma] WARN: bogus AVAILABLE count 0x4407 ? discarding
[sscma] WARN: bogus AVAILABLE count 0x4407 ? discarding
[sscma] WARN: bogus AVAILABLE count 0x4407 ? discarding
[sscma] WARN: bogus AVAILABLE count 0x4407 ? discarding
[sscma] WARN: bogus AVAILABLE count 0x4407 ? discarding
[sscma] WARN: bogus AVAILABLE count 0x4407 ? discarding
[sscma] WARN: bogus AVAILABLE count 0x4407 ? discarding
[sscma] WARN: bogus AVAILABLE count 0x4407 ? discarding
[sscma] WARN: bogus AVAILABLE count 0x4407 ? discarding
[sscma] WARN: bogus AVAILABLE count 0x4407 ? discarding
[sscma] WARN: bogus AVAILABLE count 0x4407 ? discarding
[sscma] WARN: bogus AVAILABLE count 0x4407 ? discarding
[sscma] WARN: bogus AVAILABLE count 0x4407 ? discarding
[sscma] WARN: bogus AVAILABLE count 0x4407 ? discarding
[sscma] WARN: bogus AVAILABLE count 0x4407 ? discarding
[sscma] WARN: bogus AVAILABLE count 0x4407 ? discarding
[sscma] WARN: bogus AVAILABLE count 0x4407 ? discarding
[sscma] WARN: bogus AVAILABLE count 0x4407 ? discarding
[sscma] WARN: bogus AVAILABLE count 0x4407 ? discarding
[sscma] WARN: bogus AVAILABLE count 0x4407 ? discarding
[sscma] WARN: bogus AVAILABLE count 0x4407 ? discarding
[sscma] WARN: bogus AVAILABLE count 0x4407 ? discarding
[sscma] WARN: bogus AVAILABLE count 0x4407 ? discarding
[sscma] WARN: bogus AVAILABLE count 0x4407 ? discarding
[sscma] WARN: bogus AVAILABLE count 0x4407 ? discarding
[sscma] WARN: bogus AVAILABLE count 0x4407 ? discarding
[sscma] WARN: bogus AVAILABLE count 0x4407 ? discarding
[sscma] WARN: bogus AVAILABLE count 0x4407 ? discarding
[sscma] WARN: bogus AVAILABLE count 0x4407 ? discarding
[sscma] WARN: bogus AVAILABLE count 0x4407 ? discarding
[sscma] WARN: bogus AVAILABLE count 0x4407 ? discarding
[sscma] WARN: bogus AVAILABLE count 0x4407 ? discarding
[sscma] WARN: bogus AVAILABLE count 0x4407 ? discarding
[sscma] WARN: bogus AVAILABLE count 0x4407 ? discarding
[sscma] WARN: bogus AVAILABLE count 0x4407 ? discarding
[sscma] WARN: bogus AVAILABLE count 0x4407 ? discarding
[sscma] WARN: bogus AVAILABLE count 0x4407 ? discarding
[sscma] WARN: bogus AVAILABLE count 0x4407 ? discarding
[sscma] WARN: bogus AVAILABLE count 0x4407 ? discarding
[sscma] WARN: bogus AVAILABLE count 0x4407 ? discarding
[sscma] WARN: bogus AVAILABLE count 0x4407 ? discarding
[sscma] WARN: bogus AVAILABLE count 0x4407 ? discarding
[sscma] WARN: bogus AVAILABLE count 0x4407 ? discarding
[sscma] WARN: bogus AVAILABLE count 0x4407 ? discarding
[sscma] WARN: bogus AVAILABLE count 0x4407 ? discarding
[sscma] WARN: bogus AVAILABLE count 0x4407 ? discarding
[sscma] WARN: bogus AVAILABLE count 0x4407 ? discarding
[sscma] WARN: bogus AVAILABLE count 0x4407 ? discarding
[sscma] WARN: bogus AVAILABLE count 0x4407 ? discarding
[sscma] WARN: bogus AVAIL
ABLE count 0x4407 ? discarding
[sscma] WARN: bogus AVAILABLE count 0x4407 ? discarding
[sscma] WARN: bogus AVAILABLE count 0x4407 ? discarding
[sscma] WARN: bogus AVAILABLE count 0x4407 ? discarding
[sscma] WARN: bogus AVAILABLE count 0x4407 ? discarding
[sscma] WARN: bogus AVAILABLE count 0x4407 ? discarding
[sscma] WARN: bogus AVAILABLE count 0x4407 ? discarding
[sscma] WARN: bogus AVAILABLE count 0x4407 ? discarding
[sscma] WARN: bogus AVAILABLE count 0x4407 ? discarding
[sscma] WARN: bogus AVAILABLE count 0x4407 ? discarding
[sscma] WARN: bogus AVAILABLE count 0x4407 ? discarding
[sscma] WARN: bogus AVAILABLE count 0x4407 ? discarding
[sscma] WARN: bogus AVAILABLE count 0x4407 ? discarding
[sscma] WARN: bogus AVAILABLE count 0x4407 ? discarding
[sscma] WARN: bogus AVAILABLE count 0x4407 ? discarding
[sscma] WARN: bogus AVAILABLE count 0x4407 ? discarding
[sscma] WARN: bogus AVAILABLE count 0x4407 ? discarding
[sscma] WARN: bogus AVAILABLE count 0x4407 ? discarding
[sscma] WARN: bogus AVAILABLE count 0x4407 ? discarding
[sscma] WARN: bogus AVAILABLE count 0x4407 ? discarding
[sscma] WARN: bogus AVAILABLE count 0x4407 ? discarding
[sscma] WARN: bogus AVAILABLE count 0x4407 ? discarding
[sscma] WARN: bogus AVAILABLE count 0x4407 ? discarding
[sscma] WARN: bogus AVAILABLE count 0x4407 ? discarding
[sscma] WARN: bogus AVAILABLE count 0x4407 ? discarding
[sscma] WARN: bogus AVAILABLE count 0x4407 ? discarding
[sscma] WARN: bogus AVAILABLE count 0x4407 ? discarding
[sscma] WARN: bogus AVAILABLE count 0x4407 ? discarding
[sscma] WARN: bogus AVAILABLE count 0x4407 ? discarding
[sscma] WARN: bogus AVAILABLE count 0x4407 ? discarding
[sscma] WARN: bogus AVAILABLE count 0x4407 ? discarding
[sscma] WARN: bogus AVAILABLE count 0x4407 ? discarding
[sscma] WARN: bogus AVAILABLE count 0x4407 ? discarding
[sscma] WARN: bogus AVAILABLE count 0x4407 ? discarding
[sscma] WARN: bogus AVAILABLE count 0x4407 ? discarding
[sscma] WARN: bogus AVAILABLE count 0x4407 ? discarding
[sscma] WARN: bogus AVAILABLE count 0x4407 ? discarding
[sscma] WARN: bogus AVAILABLE count 0x4407 ? discarding
[sscma] WARN: bogus AVAILABLE count 0x4407 ? discarding
[sscma] WARN: bogus AVAILABLE count 0x4407 ? discarding
[sscma] WARN: bogus AVAILABLE count 0x4407 ? discarding
[sscma] WARN: bogus AVAILABLE count 0x4407 ? discarding
[sscma] WARN: bogus AVAILABLE count 0x4407 ? discarding
[sscma] WARN: bogus AVAILABLE count 0x4407 ? discarding
[sscma] WARN: bogus AVAILABLE count 0x4407 ? discarding
[sscma] WARN: bogus AVAILABLE count 0x4407 ? discarding
[sscma] WARN: bogus AVAILABLE count 0x4407 ? discarding
[sscma] WARN: bogus AVAILABLE count 0x4407 ? discarding
[sscma] WARN: bogus AVAILABLE count 0x4407 ? discarding
[sscma] WARN: bogus AVAILABLE count 0x4407 ? discarding
[sscma] WARN: bogus AVAILABLE count 0x4407 ? discarding
[sscma] WARN: bogus AVAILABLE count 0x4407 ? discarding
[sscma] WARN: bogus AVAILABLE count 0x4407 ? discarding
[sscma] WARN: bogus AVAILABLE count 0x4407 ? discarding
[sscma] WARN: bogus AVAILABLE count 0x4407 ? discarding
[sscma] readJsonResponse TIMEOUT after 3750 ms (scratch=0 bytes)
[sscma] captureJpeg miss opt=3
[sscma] WARN: bogus AVAILABLE count 0x4407 ? discarding
[sscma] sendAT(10): AT+BREAK
[sscma] WARN: bogus AVAILABLE count 0x443E ? discarding
[sscma] WARN: bogus AVAILABLE count 0x443E ? discarding
[sscma] sendAT(17): AT+SENSOR=1,1,2
[sscma] WARN: bogus AVAILABLE count 0x443E ? discarding
[sscma] WARN: bogus AVAILABLE count 0x44C9 ? discarding
[sscma] WARN: bogus AVAILABLE count 0x44C9 ? discarding
[sscma] WARN: bogus AVAILABLE count 0x44C9 ? discarding
[sscma] WARN: bogus AVAILABLE count 0x44C9 ? discarding
[sscma] WARN: bogus AVAILABLE count 0x44C9 ? discarding
[sscma] WARN: bogus AVAILABLE count 0x44C9 ? discarding
[sscma] WARN: bogus AVAILABLE count 0x44C9 ? discarding
[sscma] WARN: bogus AVAILABLE count 0x44C9 ? discarding
[sscma] WARN: bogus AVAILABLE count 0x44C9 ? discarding
[sscma] WARN: bogus AVAILABLE count 0x44C9 ? discarding
[sscma] WARN: bogus AVAILABLE count 0x44C9 ? discarding
[sscma] WARN: bogus AVAILABLE count 0x44C9 ? discarding
[sscma] WARN: bogus AVAILABLE count 0x44C9 ? discarding
[sscma] WARN: bogus AVAILABLE count 0x44C9 ? discarding
[sscma] WARN: bogus AVAILABLE count 0x44C9 ? discarding
[sscma] WARN: bogus AVAILABLE count 0x44C9 ? discarding
[sscma] WARN: bogus AVAILABLE count 0x44C9 ? discarding
[sscma] WARN: bogus AVAILABLE count 0x44C9 ? discarding
[sscma] WARN: bogus AVAILABLE count 0x44C9 ? discarding
[sscma] WARN: bogus AVAILABLE count 0x44C9 ? discarding
[sscma] WARN: bogus AVAILABLE count 0x44C9 ? discarding
[sscma] WARN: bogus AVAILABLE count 0x44C9 ? discarding
[sscma] WARN: bogus AVAILABLE count 0x44C9 ? discarding
[sscma] WARN: bogus AVAILABLE count 0x44C9 ? discarding
[sscma] WARN: bogus AVAILABLE count 0x44C9 ? discarding
[sscma] WARN: bogus AVAILABLE count 0x44C9 ? discarding
[sscma] WARN: bogus AVAILABLE count 0x44C9 ? discarding
[sscma] WARN: bogus AVAILABLE count 0x44C9 ? discarding
[sscma] WARN: bogus AVAILABLE count 0x44C9 ? discarding
[sscma] WARN: bogus AVAILABLE count 0x44C9 ? discarding
[sscma] WARN: bogus AVAILABLE count 0x44C9 ? discarding
[sscma] WARN: bogus AVAILABLE count 0x44C9 ? discarding
[sscma] WARN: bogus AVAILABLE count 0x44C9 ? discarding
[sscma] WARN: bogus AVAILABLE count 0x44C9 ? discarding
[sscma] WARN: bogus AVAILABLE count 0x44C9 ? discarding
[sscma] WARN: bogus AVAILABLE count 0x44C9 ? discarding
[sscma] WARN: bogus AVAILABLE count 0x44C9 ? discarding
[sscma] WARN: bogus AVAILABLE count 0x44C9 ? discarding
[sscma] WARN: bogus AVAILABLE count 0x44C9 ? discarding
[sscma] WARN: bogus AVAILABLE count 0x44C9 ? discarding
[sscma] WARN: bogus AVAILABLE count 0x44C9 ? discarding
[sscma] WARN: bogus AVAILABLE count 0x44C9 ? discarding
[sscma] WARN: bogus AVAILABLE count 0x44C9 ? discarding
[sscma] WARN: bogus AVAILABLE count 0x44C9 ? discarding
[sscma] WARN: bogus AVAILABLE count 0x44C9 ? discarding
[sscma] WARN: bogus AVAILABLE count 0x44C9 ? discarding
[sscma] WARN: bogus AVAILABLE count 0x44C9 ? discarding
[sscma] WARN: bogus AVAILABLE count 0x44C9 ? discarding
[sscma] WARN: bogus AVAILABLE count 0x44C9 ? discarding
[sscma] WARN: bogus AVAILABLE count 0x44C9 ? discarding
[sscma] WARN: bogus AVAILABLE count 0x44C9 ? discarding
[sscma] WARN: bogus AVAILABLE count 0x44C9 ? discarding
[sscma] WARN: bogus AVAILABLE count 0x44C9 ? discarding
[sscma] WARN: bogus AVAILABLE count 0x44C9 ? discarding
[sscma] WARN: bogus AVAILABLE count 0x44C9 ? discarding
[sscma] WARN: bogus AVAILABLE count 0x44C9 ? discarding
[sscma] WARN: bogus AVAILABLE count 0x44C9 ? discarding
[sscma] WARN: bogus AVAILABLE count 0x44C9 ? discarding
[sscma] WARN: bogus AVAILABLE count 0x44C9 ? discarding
[sscma] WARN: bogus AVAILABLE count 0x44C9 ? discarding
[sscma] WARN: bogus AVAILABLE count 0x44C9 ? discarding
[sscma] WARN: bogus AVAILABLE count 0x44C9 ? discarding
[sscma] WARN: bogus AVAILABLE count 0x44C9 ? discarding
[sscma] WARN: bogus AVAILABLE count 0x44C9 ? discarding
[sscma] WARN: bogus AVAILABLE count 0x44C9 ? discarding
[sscma] WARN: bogus AVAILABLE count 0x44C9 ?
? discarding
[sscma] WARN: bogus AVAILABLE count 0x44C9 ? discarding
[sscma] WARN: bogus AVAILABLE count 0x44C9 ? discarding
[sscma] WARN: bogus AVAILABLE count 0x44C9 ? discarding
[sscma] WARN: bogus AVAILABLE count 0x44C9 ? discarding
[sscma] WARN: bogus AVAILABLE count 0x44C9 ? discarding
[sscma] WARN: bogus AVAILABLE count 0x44C9 ? discarding
[sscma] WARN: bogus AVAILABLE count 0x44C9 ? discarding
[sscma] WARN: bogus AVAILABLE count 0x44C9 ? discarding
[sscma] WARN: bogus AVAILABLE count 0x44C9 ? discarding
[sscma] WARN: bogus AVAILABLE count 0x44C9 ? discarding
[sscma] WARN: bogus AVAILABLE count 0x44C9 ? discarding
[sscma] WARN: bogus AVAILABLE count 0x44C9 ? discarding
[sscma] WARN: bogus AVAILABLE count 0x44C9 ? discarding
[sscma] WARN: bogus AVAILABLE count 0x44C9 ? discarding
[sscma] WARN: bogus AVAILABLE count 0x44C9 ? discarding
[sscma] WARN: bogus AVAILABLE count 0x44C9 ? discarding
[sscma] WARN: bogus AVAILABLE count 0x44C9 ? discarding
[sscma] WARN: bogus AVAILABLE count 0x44C9 ? discarding
[sscma] WARN: bogus AVAILABLE count 0x44C9 ? discarding
[sscma] WARN: bogus AVAILABLE count 0x44C9 ? discarding
[sscma] WARN: bogus AVAILABLE count 0x44C9 ? discarding
[sscma] WARN: bogus AVAILABLE count 0x44C9 ? discarding
[sscma] WARN: bogus AVAILABLE count 0x44C9 ? discarding
[sscma] WARN: bogus AVAILABLE count 0x44C9 ? discarding
[sscma] WARN: bogus AVAILABLE count 0x44C9 ? discarding
[sscma] WARN: bogus AVAILABLE count 0x44C9 ? discarding
[sscma] WARN: bogus AVAILABLE count 0x44C9 ? discarding
[sscma] WARN: bogus AVAILABLE count 0x44C9 ? discarding
[sscma] WARN: bogus AVAILABLE count 0x44C9 ? discarding
[sscma] WARN: bogus AVAILABLE count 0x44C9 ? discarding
[sscma] WARN: bogus AVAILABLE count 0x44C9 ? discarding
[sscma] WARN: bogus AVAILABLE count 0x44C9 ? discarding
[sscma] WARN: bogus AVAILABLE count 0x44C9 ? discarding
[sscma] readJsonResponse TIMEOUT after 3000 ms (scratch=0 bytes)
[sscma] setSensor: no JSON reply
[sscma] WARN: AT+SENSOR failed for opt=2
[sscma] sendAT(13): AT+SAMPLE=1
[sscma] WARN: bogus AVAILABLE count 0x44C9 ? discarding
[sscma] WARN: bogus AVAILABLE count 0x7764 ? discarding
[sscma] WARN: bogus AVAILABLE count 0x7764 ? discarding
[sscma] WARN: bogus AVAILABLE count 0x7764 ? discarding
[sscma] WARN: bogus AVAILABLE count 0x7764 ? discarding
[sscma] WARN: bogus AVAILABLE count 0x7764 ? discarding
[sscma] WARN: bogus AVAILABLE count 0x7764 ? discarding
[sscma] WARN: bogus AVAILABLE count 0x7764 ? discarding
[sscma] WARN: bogus AVAILABLE count 0x7764 ? discarding
[sscma] WARN: bogus AVAILABLE count 0x7764 ? discarding
[sscma] WARN: bogus AVAILABLE count 0x7764 ? discarding
[sscma] WARN: bogus AVAILABLE count 0x7764 ? discarding
[sscma] WARN: bogus AVAILABLE count 0x7764 ? discarding
[sscma] WARN: bogus AVAILABLE count 0x7764 ? discarding
[sscma] WARN: bogus AVAILABLE count 0x7764 ? discarding
[sscma] WARN: bogus AVAILABLE count 0x7764 ? discarding
[sscma] WARN: bogus AVAILABLE count 0x7764 ? discarding
[sscma] WARN: bogus AVAILABLE count 0x7764 ? discarding
[sscma] WARN: bogus AVAILABLE count 0x7764 ? discarding
[sscma] WARN: bogus AVAILABLE count 0x7764 ? discarding
[sscma] WARN: bogus AVAILABLE count 0x7764 ? discarding
[sscma] WARN: bogus AVAILABLE count 0x7764 ? discarding
[sscma] WARN: bogus AVAILABLE count 0x7764 ? discarding
[sscma] WARN: bogus AVAILABLE count 0x7764 ? discarding
[sscma] WARN: bogus AVAILABLE count 0x7764 ? discarding
[sscma] WARN: bogus AVAILABLE count 0x7764 ? discarding
[sscma] WARN: bogus AVAILABLE count 0x7764 ? discarding
[sscma] WARN: bogus AVAILABLE count 0x7764 ? discarding
[sscma] WARN: bogus AVAILABLE count 0x7764 ? discarding
[sscma] WARN: bogus AVAILABLE count 0x7764 ? discarding
[sscma] WARN: bogus AVAILABLE count 0x7764 ? discarding
[sscma] WARN: bogus AVAILABLE count 0x7764 ? discarding
[sscma] WARN: bogus AVAILABLE count 0x7764 ? discarding
[sscma] WAR
N: bogus AVAILABLE count 0x7764 ? discarding
[sscma] WARN: bogus AVAILABLE count 0x7764 ? discarding
[sscma] WARN: bogus AVAILABLE count 0x7764 ? discarding
[sscma] WARN: bogus AVAILABLE count 0x7764 ? discarding
[sscma] WARN: bogus AVAILABLE count 0x7764 ? discarding
[sscma] WARN: bogus AVAILABLE count 0x7764 ? discarding
[sscma] WARN: bogus AVAILABLE count 0x7764 ? discarding
[sscma] WARN: bogus AVAILABLE count 0x7764 ? discarding
[sscma] WARN: bogus AVAILABLE count 0x7764 ? discarding
[sscma] WARN: bogus AVAILABLE count 0x7764 ? discarding
[sscma] WARN: bogus AVAILABLE count 0x7764 ? discarding
[sscma] WARN: bogus AVAILABLE count 0x7764 ? discarding
[sscma] WARN: bogus AVAILABLE count 0x7764 ? discarding
[sscma] WARN: bogus AVAILABLE count 0x7764 ? discarding
[sscma] WARN: bogus AVAILABLE count 0x7764 ? discarding
[sscma] WARN: bogus AVAILABLE count 0x7764 ? discarding
[sscma] WARN: bogus AVAILABLE count 0x7764 ? discarding
[sscma] WARN: bogus AVAILABLE count 0x7764 ? discarding
[sscma] WARN: bogus AVAILABLE count 0x7764 ? discarding
[sscma] WARN: bogus AVAILABLE count 0x7764 ? discarding
[sscma] WARN: bogus AVAILABLE count 0x7764 ? discarding
[sscma] WARN: bogus AVAILABLE count 0x7764 ? discarding
[sscma] WARN: bogus AVAILABLE count 0x7764 ? discarding
[sscma] WARN: bogus AVAILABLE count 0x7764 ? discarding
[sscma] WARN: bogus AVAILABLE count 0x7764 ? discarding
[sscma] WARN: bogus AVAILABLE count 0x7764 ? discarding
[sscma] WARN: bogus AVAILABLE count 0x7764 ? discarding
[sscma] WARN: bogus AVAILABLE count 0x7764 ? discarding
[sscma] WARN: bogus AVAILABLE count 0x7764 ? discarding
[sscma] WARN: bogus AVAILABLE count 0x7764 ? discarding
[sscma] WARN: bogus AVAILABLE count 0x7764 ? discarding
[sscma] WARN: bogus AVAILABLE count 0x7764 ? discarding
[sscma] WARN: bogus AVAILABLE count 0x7764 ? discarding
[sscma] WARN: bogus AVAILABLE count 0x7764 ? discarding
[sscma] WARN: bogus AVAILABLE count 0x7764 ? discarding
[sscma] WARN: bogus AVAILABLE count 0x7764 ? discarding
[sscma] WARN: bogus AVAILABLE count 0x7764 ? discarding
[sscma] WARN: bogus AVAILABLE count 0x7764 ? discarding
[sscma] WARN: bogus AVAILABLE count 0x7764 ? discarding
[sscma] WARN: bogus AVAILABLE count 0x7764 ? discarding
[sscma] WARN: bogus AVAILABLE count 0x7764 ? discarding
[sscma] WARN: bogus AVAILABLE count 0x7764 ? discarding
[sscma] WARN: bogus AVAILABLE count 0x7764 ? discarding
[sscma] WARN: bogus AVAILABLE count 0x7764 ? discarding
[sscma] WARN: bogus AVAILABLE count 0x7764 ? discarding
[sscma] WARN: bogus AVAILABLE count 0x7764 ? discarding
[sscma] WARN: bogus AVAILABLE count 0x7764 ? discarding
[sscma] WARN: bogus AVAILABLE count 0x7764 ? discarding
[sscma] WARN: bogus AVAILABLE count 0x7764 ? discarding
[sscma] WARN: bogus AVAILABLE count 0x7764 ? discarding
[sscma] WARN: bogus AVAILABLE count 0x7764 ? discarding
[sscma] WARN: bogus AVAILABLE count 0x7764 ? discarding
[sscma] WARN: bogus AVAILABLE count 0x7764 ? discarding
[sscma] WARN: bogus AVAILABLE count 0x7764 ? discarding
[sscma] WARN: bogus AVAILABLE count 0x7764 ? discarding
[sscma] WARN: bogus AVAILABLE count 0x7764 ? discarding
[sscma] WARN: bogus AVAILABLE count 0x7764 ? discarding
[sscma] WARN: bogus AVAILABLE count 0x7764 ? discarding
[sscma] WARN: bogus AVAILABLE count 0x7764 ? discarding
[sscma] WARN: bogus AVAILABLE count 0x7764 ? discarding
[sscma] WARN: bogus AVAILABLE count 0x7764 ? discarding
[sscma] WARN: bogus AVAILABLE count 0x7764 ? discarding
[sscma] WARN: bogus AVAILABLE count 0x7764 ? discarding
[sscma] WARN: bogus AVAILABLE count 0x7764 ? discarding
[sscma] WARN: bogus AVAILABLE count 0x7764 ? discarding
[sscma] WARN: bogus AVAILABLE count 0x7764 ? discarding
[sscma] WARN: bogus AVAILABLE count 0x7764 ? discarding
[sscma] WARN: bogus AVAILABLE count 0x7764 ? discarding
[sscma] WARN: bogus AVAILABLE count 0x7764 ? discarding
[sscma] WARN: bogus AVAILABLE count 
0x7764 ? discarding
[sscma] WARN: bogus AVAILABLE count 0x7764 ? discarding
[sscma] WARN: bogus AVAILABLE count 0x7764 ? discarding
[sscma] WARN: bogus AVAILABLE count 0x7764 ? discarding
[sscma] WARN: bogus AVAILABLE count 0x7764 ? discarding
[sscma] WARN: bogus AVAILABLE count 0x7764 ? discarding
[sscma] WARN: bogus AVAILABLE count 0x7764 ? discarding
[sscma] WARN: bogus AVAILABLE count 0x7764 ? discarding
[sscma] WARN: bogus AVAILABLE count 0x7764 ? discarding
[sscma] WARN: bogus AVAILABLE count 0x7764 ? discarding
[sscma] WARN: bogus AVAILABLE count 0x7764 ? discarding
[sscma] WARN: bogus AVAILABLE count 0x7764 ? discarding
[sscma] WARN: bogus AVAILABLE count 0x7764 ? discarding
[sscma] WARN: bogus AVAILABLE count 0x7764 ? discarding
[sscma] WARN: bogus AVAILABLE count 0x7764 ? discarding
[sscma] WARN: bogus AVAILABLE count 0x7764 ? discarding
[sscma] WARN: bogus AVAILABLE count 0x7764 ? discarding
[sscma] WARN: bogus AVAILABLE count 0x7764 ? discarding
[sscma] WARN: bogus AVAILABLE count 0x7764 ? discarding
[sscma] WARN: bogus AVAILABLE count 0x7764 ? discarding
[sscma] WARN: bogus AVAILABLE count 0x7764 ? discarding
[sscma] WARN: bogus AVAILABLE count 0x7764 ? discarding
[sscma] WARN: bogus AVAILABLE count 0x7764 ? discarding
[sscma] readJsonResponse TIMEOUT after 3750 ms (scratch=0 bytes)
[sscma] captureJpeg miss opt=2
[sscma] WARN: bogus AVAILABLE count 0x7764 ? discarding
[sscma] sendAT(10): AT+BREAK
[sscma] WARN: bogus AVAILABLE count 0x779C ? discarding
[sscma] WARN: bogus AVAILABLE count 0x779C ? discarding
[sscma] sendAT(17): AT+SENSOR=1,1,1
[sscma] WARN: bogus AVAILABLE count 0x779C ? discarding
[sscma] WARN: bogus AVAILABLE count 0x779C ? discarding
[sscma] WARN: bogus AVAILABLE count 0x7827 ? discarding
[sscma] WARN: bogus AVAILABLE count 0x7827 ? discarding
[sscma] WARN: bogus AVAILABLE count 0x7827 ? discarding
[sscma] WARN: bogus AVAILABLE count 0x7827 ? discarding
[sscma] WARN: bogus AVAILABLE count 0x7827 ? discarding
[sscma] WARN: bogus AVAILABLE count 0x7827 ? discarding
[sscma] WARN: bogus AVAILABLE count 0x7827 ? discarding
[sscma] WARN: bogus AVAILABLE count 0x7827 ? discarding
[sscma] WARN: bogus AVAILABLE count 0x7827 ? discarding
[sscma] WARN: bogus AVAILABLE count 0x7827 ? discarding
[sscma] WARN: bogus AVAILABLE count 0x7827 ? discarding
[sscma] WARN: bogus AVAILABLE count 0x7827 ? discarding
[sscma] WARN: bogus AVAILABLE count 0x7827 ? discarding
[sscma] WARN: bogus AVAILABLE count 0x7827 ? discarding
[sscma] WARN: bogus AVAILABLE count 0x7827 ? discarding
[sscma] WARN: bogus AVAILABLE count 0x7827 ? discarding
[sscma] WARN: bogus AVAILABLE count 0x7827 ? discarding
[sscma] WARN: bogus AVAILABLE count 0x7827 ? discarding
[sscma] WARN: bogus AVAILABLE count 0x7827 ? discarding
[sscma] WARN: bogus AVAILABLE count 0x7827 ? discarding
[sscma] WARN: bogus AVAILABLE count 0x7827 ? discarding
[sscma] WARN: bogus AVAILABLE count 0x7827 ? discarding
[sscma] WARN: bogus AVAILABLE count 0x7827 ? discarding
[sscma] WARN: bogus AVAILABLE count 0x7827 ? discarding
[sscma] WARN: bogus AVAILABLE count 0x7827 ? discarding
[sscma] WARN: bogus AVAILABLE count 0x7827 ? discarding
[sscma] WARN: bogus AVAILABLE count 0x7827 ? discarding
[sscma] WARN: bogus AVAILABLE count 0x7827 ? discarding
[sscma] WARN: bogus AVAILABLE count 0x7827 ? discarding
[sscma] WARN: bogus AVAILABLE count 0x7827 ? discarding
[sscma] WARN: bogus AVAILABLE count 0x7827 ? discarding
[sscma] WARN: bogus AVAILABLE count 0x7827 ? discarding
[sscma] WARN: bogus AVAILABLE count 0x7827 ? discarding
[sscma] WARN: bogus AVAILABLE count 0x7827 ? discarding
[sscma] WARN: bogus AVAILABLE count 0x7827 ? discarding
[sscma] WARN: bogus AVAILABLE count 0x7827 ? discarding
[sscma] WARN: bogus AVAILABLE count 0x7827 ? discarding
[sscma] WARN: bogus AVAILABLE count 0x7827 ? discarding
[sscma] WARN: bogus AVAILABLE count 0x7827 ? discarding
[sscma] WARN: bogus AVAILABLE count 0x7827 ? discarding
[sscma] WARN: bogus AVAILABLE count 0x7827 ? discarding
[sscma] WARN: bogus AVAILABLE count 0x7827 ? discarding
[sscma] WARN: bogus AVAILABLE count 0x7827 ? discarding
[sscma] WARN: bogus AVAILABLE count 0x7827 ? discarding
[sscma] WARN: bogus AVAILABLE count 0x7827 ? discarding
[sscma] WARN: bogus AVAILABLE count 0x7827 ? discarding
[sscma] WARN: bogus AVAILABLE count 0x7827 ? discarding
[sscma] WARN: bogus AVAILABLE count 0x7827 ? discarding
[sscma] WARN: bogus AVAILABLE count 0x7827 ? discarding
[sscma] WARN: bogus AVAILABLE count 0x7827 ? discarding
[sscma] WARN: bogus AVAILABLE count 0x7827 ? discarding
[sscma] WARN: bogus AVAILABLE count 0x7827 ? discarding
[sscma] WARN: bogus AVAILABLE count 0x7827 ? discarding
[sscma] WARN: bogus AVAILABLE count 0x7827 ? discarding
[sscma] WARN: bogus AVAILABLE count 0x7827 ? discarding
[sscma] WARN: bogus AVAILABLE count 0x7827 ? discarding
[sscma] WARN: bogus AVAILABLE count 0x7827 ? discarding
[sscma] WARN: bogus AVAILABLE count 0x7827 ? discarding
[sscma] WARN: bogus AVAILABLE count 0x7827 ? discarding
[sscma] WARN: bogus AVAILABLE count 0x7827 ? discarding
[sscma] WARN: bogus AVAILABLE count 0x7827 ? discarding
[sscma] WARN: bogus AVAILABLE count 0x7827 ? discarding
[sscma] WARN: bogus AVAILABLE count 0x7827 ? discarding
[sscma] WARN: bogus AVAILABLE count 0x7827 ? discarding
[sscma] WARN: bogus AVAILABLE count 0x7827 ?
? discarding
[sscma] WARN: bogus AVAILABLE count 0x7827 ? discarding
[sscma] WARN: bogus AVAILABLE count 0x7827 ? discarding
[sscma] WARN: bogus AVAILABLE count 0x7827 ? discarding
[sscma] WARN: bogus AVAILABLE count 0x7827 ? discarding
[sscma] WARN: bogus AVAILABLE count 0x7827 ? discarding
[sscma] WARN: bogus AVAILABLE count 0x7827 ? discarding
[sscma] WARN: bogus AVAILABLE count 0x7827 ? discarding
[sscma] WARN: bogus AVAILABLE count 0x7827 ? discarding
[sscma] WARN: bogus AVAILABLE count 0x7827 ? discarding
[sscma] WARN: bogus AVAILABLE count 0x7827 ? discarding
[sscma] WARN: bogus AVAILABLE count 0x7827 ? discarding
[sscma] WARN: bogus AVAILABLE count 0x7827 ? discarding
[sscma] WARN: bogus AVAILABLE count 0x7827 ? discarding
[sscma] WARN: bogus AVAILABLE count 0x7827 ? discarding
[sscma] WARN: bogus AVAILABLE count 0x7827 ? discarding
[sscma] WARN: bogus AVAILABLE count 0x7827 ? discarding
[sscma] WARN: bogus AVAILABLE count 0x7827 ? discarding
[sscma] WARN: bogus AVAILABLE count 0x7827 ? discarding
[sscma] WARN: bogus AVAILABLE count 0x7827 ? discarding
[sscma] WARN: bogus AVAILABLE count 0x7827 ? discarding
[sscma] WARN: bogus AVAILABLE count 0x7827 ? discarding
[sscma] WARN: bogus AVAILABLE count 0x7827 ? discarding
[sscma] WARN: bogus AVAILABLE count 0x7827 ? discarding
[sscma] WARN: bogus AVAILABLE count 0x7827 ? discarding
[sscma] WARN: bogus AVAILABLE count 0x7827 ? discarding
[sscma] WARN: bogus AVAILABLE count 0x7827 ? discarding
[sscma] WARN: bogus AVAILABLE count 0x7827 ? discarding
[sscma] WARN: bogus AVAILABLE count 0x7827 ? discarding
[sscma] WARN: bogus AVAILABLE count 0x7827 ? discarding
[sscma] WARN: bogus AVAILABLE count 0x7827 ? discarding
[sscma] WARN: bogus AVAILABLE count 0x7827 ? discarding
[sscma] WARN: bogus AVAILABLE count 0x7827 ? discarding
[sscma] WARN: bogus AVAILABLE count 0x7827 ? discarding
[sscma] readJsonResponse TIMEOUT after 3000 ms (scratch=0 bytes)
[sscma] setSensor: no JSON reply
[sscma] WARN: AT+SENSOR failed for opt=1
[sscma] sendAT(13): AT+SAMPLE=1
[sscma] WARN: bogus AVAILABLE count 0x7827 ? discarding
[sscma] WARN: bogus AVAILABLE count 0x9EF2 ? discarding
[sscma] WARN: bogus AVAILABLE count 0x9EF2 ? discarding
[sscma] WARN: bogus AVAILABLE count 0x9EF2 ? discarding
[sscma] WARN: bogus AVAILABLE count 0x9EF2 ? discarding
[sscma] WARN: bogus AVAILABLE count 0x9EF2 ? discarding
[sscma] WARN: bogus AVAILABLE count 0x9EF2 ? discarding
[sscma] WARN: bogus AVAILABLE count 0x9EF2 ? discarding
[sscma] WARN: bogus AVAILABLE count 0x9EF2 ? discarding
[sscma] WARN: bogus AVAILABLE count 0x9EF2 ? discarding
[sscma] WARN: bogus AVAILABLE count 0x9EF2 ? discarding
[sscma] WARN: bogus AVAILABLE count 0x9EF2 ? discarding
[sscma] WARN: bogus AVAILABLE count 0x9EF2 ? discarding
[sscma] WARN: bogus AVAILABLE count 0x9EF2 ? discarding
[sscma] WARN: bogus AVAILABLE count 0x9EF2 ? discarding
[sscma] WARN: bogus AVAILABLE count 0x9EF2 ? discarding
[sscma] WARN: bogus AVAILABLE count 0x9EF2 ? discarding
[sscma] WARN: bogus AVAILABLE count 0x9EF2 ? discarding
[sscma] WARN: bogus AVAILABLE count 0x9EF2 ? discarding
[sscma] WARN: bogus AVAILABLE count 0x9EF2 ? discarding
[sscma] WARN: bogus AVAILABLE count 0x9EF2 ? discarding
[sscma] WARN: bogus AVAILABLE count 0x9EF2 ? discarding
[sscma] WARN: bogus AVAILABLE count 0x9EF2 ? discarding
[sscma] WARN: bogus AVAILABLE count 0x9EF2 ? discarding
[sscma] WARN: bogus AVAILABLE count 0x9EF2 ? discarding
[sscma] WARN: bogus AVAILABLE count 0x9EF2 ? discarding
[sscma] WARN: bogus AVAILABLE count 0x9EF2 ? discarding
[sscma] WARN: bogus AVAILABLE count 0x9EF2 ? discarding
[sscma] WARN: bogus AVAILABLE count 0x9EF2 ? discarding
[sscma] WARN: bogus AVAILABLE count 0x9EF2 ? discarding
[sscma] WARN: bogus AVAILABLE count 0x9EF2 ? discarding
[sscma] WARN: bogus AVAILABLE count 0x9EF2 ? discarding
[sscma] WARN: bogus AVAILABLE count 0x9EF2 ? discarding
[sscma] WAR
N: bogus AVAILABLE count 0x9EF2 ? discarding
[sscma] WARN: bogus AVAILABLE count 0x9EF2 ? discarding
[sscma] WARN: bogus AVAILABLE count 0x9EF2 ? discarding
[sscma] WARN: bogus AVAILABLE count 0x9EF2 ? discarding
[sscma] WARN: bogus AVAILABLE count 0x9EF2 ? discarding
[sscma] WARN: bogus AVAILABLE count 0x9EF2 ? discarding
[sscma] WARN: bogus AVAILABLE count 0x9EF2 ? discarding
[sscma] WARN: bogus AVAILABLE count 0x9EF2 ? discarding
[sscma] WARN: bogus AVAILABLE count 0x9EF2 ? discarding
[sscma] WARN: bogus AVAILABLE count 0x9EF2 ? discarding
[sscma] WARN: bogus AVAILABLE count 0x9EF2 ? discarding
[sscma] WARN: bogus AVAILABLE count 0x9EF2 ? discarding
[sscma] WARN: bogus AVAILABLE count 0x9EF2 ? discarding
[sscma] WARN: bogus AVAILABLE count 0x9EF2 ? discarding
[sscma] WARN: bogus AVAILABLE count 0x9EF2 ? discarding
[sscma] WARN: bogus AVAILABLE count 0x9EF2 ? discarding
[sscma] WARN: bogus AVAILABLE count 0x9EF2 ? discarding
[sscma] WARN: bogus AVAILABLE count 0x9EF2 ? discarding
[sscma] WARN: bogus AVAILABLE count 0x9EF2 ? discarding
[sscma] WARN: bogus AVAILABLE count 0x9EF2 ? discarding
[sscma] WARN: bogus AVAILABLE count 0x9EF2 ? discarding
[sscma] WARN: bogus AVAILABLE count 0x9EF2 ? discarding
[sscma] WARN: bogus AVAILABLE count 0x9EF2 ? discarding
[sscma] WARN: bogus AVAILABLE count 0x9EF2 ? discarding
[sscma] WARN: bogus AVAILABLE count 0x9EF2 ? discarding
[sscma] WARN: bogus AVAILABLE count 0x9EF2 ? discarding
[sscma] WARN: bogus AVAILABLE count 0x9EF2 ? discarding
[sscma] WARN: bogus AVAILABLE count 0x9EF2 ? discarding
[sscma] WARN: bogus AVAILABLE count 0x9EF2 ? discarding
[sscma] WARN: bogus AVAILABLE count 0x9EF2 ? discarding
[sscma] WARN: bogus AVAILABLE count 0x9EF2 ? discarding
[sscma] WARN: bogus AVAILABLE count 0x9EF2 ? discarding
[sscma] WARN: bogus AVAILABLE count 0x9EF2 ? discarding
[sscma] WARN: bogus AVAILABLE count 0x9EF2 ? discarding
[sscma] WARN: bogus AVAILABLE count 0x9EF2 ? discarding
[sscma] WARN: bogus AVAILABLE count 0x9EF2 ? discarding
[sscma] WARN: bogus AVAILABLE count 0x9EF2 ? discarding
[sscma] WARN: bogus AVAILABLE count 0x9EF2 ? discarding
[sscma] WARN: bogus AVAILABLE count 0x9EF2 ? discarding
[sscma] WARN: bogus AVAILABLE count 0x9EF2 ? discarding
[sscma] WARN: bogus AVAILABLE count 0x9EF2 ? discarding
[sscma] WARN: bogus AVAILABLE count 0x9EF2 ? discarding
[sscma] WARN: bogus AVAILABLE count 0x9EF2 ? discarding
[sscma] WARN: bogus AVAILABLE count 0x9EF2 ? discarding
[sscma] WARN: bogus AVAILABLE count 0x9EF2 ? discarding
[sscma] WARN: bogus AVAILABLE count 0x9EF2 ? discarding
[sscma] WARN: bogus AVAILABLE count 0x9EF2 ? discarding
[sscma] WARN: bogus AVAILABLE count 0x9EF2 ? discarding
[sscma] WARN: bogus AVAILABLE count 0x9EF2 ? discarding
[sscma] WARN: bogus AVAILABLE count 0x9EF2 ? discarding
[sscma] WARN: bogus AVAILABLE count 0x9EF2 ? discarding
[sscma] WARN: bogus AVAILABLE count 0x9EF2 ? discarding
[sscma] WARN: bogus AVAILABLE count 0x9EF2 ? discarding
[sscma] WARN: bogus AVAILABLE count 0x9EF2 ? discarding
[sscma] WARN: bogus AVAILABLE count 0x9EF2 ? discarding
[sscma] WARN: bogus AVAILABLE count 0x9EF2 ? discarding
[sscma] WARN: bogus AVAILABLE count 0x9EF2 ? discarding
[sscma] WARN: bogus AVAILABLE count 0x9EF2 ? discarding
[sscma] WARN: bogus AVAILABLE count 0x9EF2 ? discarding
[sscma] WARN: bogus AVAILABLE count 0x9EF2 ? discarding
[sscma] WARN: bogus AVAILABLE count 0x9EF2 ? discarding
[sscma] WARN: bogus AVAILABLE count 0x9EF2 ? discarding
[sscma] WARN: bogus AVAILABLE count 0x9EF2 ? discarding
[sscma] WARN: bogus AVAILABLE count 0x9EF2 ? discarding
[sscma] WARN: bogus AVAILABLE count 0x9EF2 ? discarding
[sscma] WARN: bogus AVAILABLE count 0x9EF2 ? discarding
[sscma] WARN: bogus AVAILABLE count 0x9EF2 ? discarding
[sscma] WARN: bogus AVAILABLE count 0x9EF2 ? discarding
[sscma] WARN: bogus AVAILABLE count 0x9EF2 ? discarding
[sscma] WARN: bogus AVAILABLE count 
[HOST] cycle 1: real=0 synth=0 fail=0
0x9EF2 ? discarding
[sscma] WARN: bogus AVAILABLE count 0x9EF2 ? discarding
[sscma] WARN: bogus AVAILABLE count 0x9EF2 ? discarding
[sscma] WARN: bogus AVAILABLE count 0x9EF2 ? discarding
[sscma] WARN: bogus AVAILABLE count 0x9EF2 ? discarding
[sscma] WARN: bogus AVAILABLE count 0x9EF2 ? discarding
[sscma] WARN: bogus AVAILABLE count 0x9EF2 ? discarding
[sscma] WARN: bogus AVAILABLE count 0x9EF2 ? discarding
[sscma] WARN: bogus AVAILABLE count 0x9EF2 ? discarding
[sscma] WARN: bogus AVAILABLE count 0x9EF2 ? discarding
[sscma] WARN: bogus AVAILABLE count 0x9EF2 ? discarding
[sscma] WARN: bogus AVAILABLE count 0x9EF2 ? discarding
[sscma] WARN: bogus AVAILABLE count 0x9EF2 ? discarding
[sscma] WARN: bogus AVAILABLE count 0x9EF2 ? discarding
[sscma] WARN: bogus AVAILABLE count 0x9EF2 ? discarding
[sscma] WARN: bogus AVAILABLE count 0x9EF2 ? discarding
[sscma] WARN: bogus AVAILABLE count 0x9EF2 ? discarding
[sscma] WARN: bogus AVAILABLE count 0x9EF2 ? discarding
[sscma] WARN: bogus AVAILABLE count 0x9EF2 ? discarding
[sscma] WARN: bogus AVAILABLE count 0x9EF2 ? discarding
[sscma] WARN: bogus AVAILABLE count 0x9EF2 ? discarding
[sscma] WARN: bogus AVAILABLE count 0x9EF2 ? discarding
[sscma] WARN: bogus AVAILABLE count 0x9EF2 ? discarding
[sscma] readJsonResponse TIMEOUT after 3750 ms (scratch=0 bytes)
[sscma] captureJpeg miss opt=1
[sscma] WARN: bogus AVAILABLE count 0x9EF2 ? discarding
[sscma] sendAT(10): AT+BREAK
[HOST] --- capture cycle 2 ---
[sscma] WARN: bogus AVAILABLE count 0x9F2A ? discarding
[sscma] WARN: bogus AVAILABLE count 0x9F2A ? discarding
[sscma] sendAT(17): AT+SENSOR=1,1,0
[sscma] WARN: bogus AVAILABLE count 0x9F2A ? discarding
[sscma] WARN: bogus AVAILABLE count 0x9FB5 ? discarding
[sscma] WARN: bogus AVAILABLE count 0x9FB5 ? discarding
[sscma] WARN: bogus AVAILABLE count 0x9FB5 ? discarding
[sscma] WARN: bogus AVAILABLE count 0x9FB5 ? discarding
[sscma] WARN: bogus AVAILABLE count 0x9FB5 ? discarding
[sscma] WARN: bogus AVAILABLE count 0x9FB5 ? discarding
[sscma] WARN: bogus AVAILABLE count 0x9FB5 ? discarding
[sscma] WARN: bogus AVAILABLE count 0x9FB5 ? discarding
[sscma] WARN: bogus AVAILABLE count 0x9FB5 ? discarding
[sscma] WARN: bogus AVAILABLE count 0x9FB5 ? discarding
[sscma] WARN: bogus AVAILABLE count 0x9FB5 ? discarding
[sscma] WARN: bogus AVAILABLE count 0x9FB5 ? discarding
[sscma] WARN: bogus AVAILABLE count 0x9FB5 ? discarding
[sscma] WARN: bogus AVAILABLE count 0x9FB5 ? discarding
[sscma] WARN: bogus AVAILABLE count 0x9FB5 ? discarding
[sscma] WARN: bogus AVAILABLE count 0x9FB5 ? discarding
[sscma] WARN: bogus AVAILABLE count 0x9FB5 ? discarding
[sscma] WARN: bogus AVAILABLE count 0x9FB5 ? discarding
[sscma] WARN: bogus AVAILABLE count 0x9FB5 ? discarding
[sscma] WARN: bogus AVAILABLE count 0x9FB5 ? discarding
[sscma] WARN: bogus AVAILABLE count 0x9FB5 ? discarding
[sscma] WARN: bogus AVAILABLE count 0x9FB5 ? discarding
[sscma] WARN: bogus AVAILABLE count 0x9FB5 ? discarding
[sscma] WARN: bogus AVAILABLE count 0x9FB5 ? discarding
[sscma] WARN: bogus AVAILABLE count 0x9FB5 ? discarding
[sscma] WARN: bogus AVAILABLE count 0x9FB5 ? discarding
[sscma] WARN: bogus AVAILABLE count 0x9FB5 ? discarding
[sscma] WARN: bogus AVAILABLE count 0x9FB5 ? discarding
[sscma] WARN: bogus AVAILABLE count 0x9FB5 ? discarding
[sscma] WARN: bogus AVAILABLE count 0x9FB5 ? discarding
[sscma] WARN: bogus AVAILABLE count 0x9FB5 ? discarding
[sscma] WARN: bogus AVAILABLE count 0x9FB5 ? discarding
[sscma] WARN: bogus AVAILABLE count 0x9FB5 ? discarding
[sscma] WARN: bogus AVAILABLE count 0x9FB5 ? discarding
[sscma] WARN: bogus AVAILABLE count 0x9FB5 ? discarding
[sscma] WARN: bogus AVAILABLE count 0x9FB5 ? discarding
[sscma] WARN: bogus AVAILABLE count 0x9FB5 ? discarding
[sscma] WARN: bogus AVAILABLE count 0x9FB5 ? discarding
[sscma] WARN: bogus AVAILABLE count 0x9FB5 ? discarding
[sscma] WARN: bogus AVAILABLE count 0x9FB5 ? discarding
[sscma] WARN: bogus AVAILABLE count 0x9FB5 ? discarding
[sscma] WARN: bogus AVAILABLE count 0x9FB5 ? discarding
[sscma] WARN: bogus AVAILABLE count 0x9FB5 ? discarding
[sscma] WARN: bogus AVAILABLE count 0x9FB5 ? discarding
[sscma] WARN: bogus AVAILABLE count 0x9FB5 ? discarding
[sscma] WARN: bogus AVAILABLE count 0x9FB5 ? discarding
[sscma] WARN: bogus AVAILABLE count 0x9FB5 ? discarding
[sscma] WARN: bogus AVAILABLE count 0x9FB5 ? discarding
[sscma] WARN: bogus AVAILABLE count 0x9FB5 ? discarding
[sscma] WARN: bogus AVAILABLE count 0x9FB5 ? discarding
[sscma] WARN: bogus AVAILABLE count 0x9FB5 ? discarding
[sscma] WARN: bogus AVAILABLE count 0x9FB5 ? discarding
[sscma] WARN: bogus AVAILABLE count 0x9FB5 ? discarding
[sscma] WARN: bogus AVAILABLE count 0x9FB5 ? discarding
[sscma] WARN: bogus AVAILABLE count 0x9FB5 ? discarding
[sscma] WARN: bogus AVAILABLE count 0x9FB5 ? discarding
[sscma] WARN: bogus AVAILABLE count 0x9FB5 ? discarding
[sscma] WARN: bogus AVAILABLE count 0x9FB5 ? discarding
[sscma] WARN: bogus AVAILABLE count 0x9FB5 ? discarding
[sscma] WARN: bogus AVAILABLE count 0x9FB5 ? discarding
[sscma] WARN: bogus AVAILABLE count 0x9FB5 ? discarding
[sscma] WARN: bogus AVAILABLE count 0x9FB5 ? discarding
[sscma] WARN: bogus AVAILABLE count 0x9FB5 ? discarding
[sscma] WARN: bogus AVAILABLE count 0x9FB5 ? discarding
[sscma] WARN: bogus AVAILABLE count 0x9FB5 ? discarding
[sscma] WARN: bogus AVAILABLE count 0x9FB5 ?
? discarding
[sscma] WARN: bogus AVAILABLE count 0x9FB5 ? discarding
[sscma] WARN: bogus AVAILABLE count 0x9FB5 ? discarding
[sscma] WARN: bogus AVAILABLE count 0x9FB5 ? discarding
[sscma] WARN: bogus AVAILABLE count 0x9FB5 ? discarding
[sscma] WARN: bogus AVAILABLE count 0x9FB5 ? discarding
[sscma] WARN: bogus AVAILABLE count 0x9FB5 ? discarding
[sscma] WARN: bogus AVAILABLE count 0x9FB5 ? discarding
[sscma] WARN: bogus AVAILABLE count 0x9FB5 ? discarding
[sscma] WARN: bogus AVAILABLE count 0x9FB5 ? discarding
[sscma] WARN: bogus AVAILABLE count 0x9FB5 ? discarding
[sscma] WARN: bogus AVAILABLE count 0x9FB5 ? discarding
[sscma] WARN: bogus AVAILABLE count 0x9FB5 ? discarding
[sscma] WARN: bogus AVAILABLE count 0x9FB5 ? discarding
[sscma] WARN: bogus AVAILABLE count 0x9FB5 ? discarding
[sscma] WARN: bogus AVAILABLE count 0x9FB5 ? discarding
[sscma] WARN: bogus AVAILABLE count 0x9FB5 ? discarding
[sscma] WARN: bogus AVAILABLE count 0x9FB5 ? discarding
[sscma] WARN: bogus AVAILABLE count 0x9FB5 ? discarding
[sscma] WARN: bogus AVAILABLE count 0x9FB5 ? discarding
[sscma] WARN: bogus AVAILABLE count 0x9FB5 ? discarding
[sscma] WARN: bogus AVAILABLE count 0x9FB5 ? discarding
[sscma] WARN: bogus AVAILABLE count 0x9FB5 ? discarding
[sscma] WARN: bogus AVAILABLE count 0x9FB5 ? discarding
[sscma] WARN: bogus AVAILABLE count 0x9FB5 ? discarding
[sscma] WARN: bogus AVAILABLE count 0x9FB5 ? discarding
[sscma] WARN: bogus AVAILABLE count 0x9FB5 ? discarding
[sscma] WARN: bogus AVAILABLE count 0x9FB5 ? discarding
[sscma] WARN: bogus AVAILABLE count 0x9FB5 ? discarding
[sscma] WARN: bogus AVAILABLE count 0x9FB5 ? discarding
[sscma] WARN: bogus AVAILABLE count 0x9FB5 ? discarding
[sscma] WARN: bogus AVAILABLE count 0x9FB5 ? discarding
[sscma] WARN: bogus AVAILABLE count 0x9FB5 ? discarding
[sscma] WARN: bogus AVAILABLE count 0x9FB5 ? discarding
[sscma] readJsonResponse TIMEOUT after 3000 ms (scratch=0 bytes)
[sscma] setSensor: no JSON reply
[sscma] WARN: AT+SENSOR failed for opt=0
[sscma] sendAT(13): AT+SAMPLE=1
[sscma] WARN: bogus AVAILABLE count 0x9FB5 ? discarding
[sscma] WARN: bogus AVAILABLE count 0xB35C ? discarding
[sscma] WARN: bogus AVAILABLE count 0xB35C ? discarding
[sscma] WARN: bogus AVAILABLE count 0xB35C ? discarding
[sscma] WARN: bogus AVAILABLE count 0xB35C ? discarding
[sscma] WARN: bogus AVAILABLE count 0xB35C ? discarding
[sscma] WARN: bogus AVAILABLE count 0xB35C ? discarding
[sscma] WARN: bogus AVAILABLE count 0xB35C ? discarding
[sscma] WARN: bogus AVAILABLE count 0xB35C ? discarding
[sscma] WARN: bogus AVAILABLE count 0xB35C ? discarding
[sscma] WARN: bogus AVAILABLE count 0xB35C ? discarding
[sscma] WARN: bogus AVAILABLE count 0xB35C ? discarding
[sscma] WARN: bogus AVAILABLE count 0xB35C ? discarding
[sscma] WARN: bogus AVAILABLE count 0xB35C ? discarding
[sscma] WARN: bogus AVAILABLE count 0xB35C ? discarding
[sscma] WARN: bogus AVAILABLE count 0xB35C ? discarding
[sscma] WARN: bogus AVAILABLE count 0xB35C ? discarding
[sscma] WARN: bogus AVAILABLE count 0xB35C ? discarding
[sscma] WARN: bogus AVAILABLE count 0xB35C ? discarding
[sscma] WARN: bogus AVAILABLE count 0xB35C ? discarding
[sscma] WARN: bogus AVAILABLE count 0xB35C ? discarding
[sscma] WARN: bogus AVAILABLE count 0xB35C ? discarding
[sscma] WARN: bogus AVAILABLE count 0xB35C ? discarding
[sscma] WARN: bogus AVAILABLE count 0xB35C ? discarding
[sscma] WARN: bogus AVAILABLE count 0xB35C ? discarding
[sscma] WARN: bogus AVAILABLE count 0xB35C ? discarding
[sscma] WARN: bogus AVAILABLE count 0xB35C ? discarding
[sscma] WARN: bogus AVAILABLE count 0xB35C ? discarding
[sscma] WARN: bogus AVAILABLE count 0xB35C ? discarding
[sscma] WARN: bogus AVAILABLE count 0xB35C ? discarding
[sscma] WARN: bogus AVAILABLE count 0xB35C ? discarding
[sscma] WARN: bogus AVAILABLE count 0xB35C ? discarding
[sscma] WARN: bogus AVAILABLE count 0xB35C ? discarding
[sscma] WAR
N: bogus AVAILABLE count 0xB35C ? discarding
[sscma] WARN: bogus AVAILABLE count 0xB35C ? discarding
[sscma] WARN: bogus AVAILABLE count 0xB35C ? discarding
[sscma] WARN: bogus AVAILABLE count 0xB35C ? discarding
[sscma] WARN: bogus AVAILABLE count 0xB35C ? discarding
[sscma] WARN: bogus AVAILABLE count 0xB35C ? discarding
[sscma] WARN: bogus AVAILABLE count 0xB35C ? discarding
[sscma] WARN: bogus AVAILABLE count 0xB35C ? discarding
[sscma] WARN: bogus AVAILABLE count 0xB35C ? discarding
[sscma] WARN: bogus AVAILABLE count 0xB35C ? discarding
[sscma] WARN: bogus AVAILABLE count 0xB35C ? discarding
[sscma] WARN: bogus AVAILABLE count 0xB35C ? discarding
[sscma] WARN: bogus AVAILABLE count 0xB35C ? discarding
[sscma] WARN: bogus AVAILABLE count 0xB35C ? discarding
[sscma] WARN: bogus AVAILABLE count 0xB35C ? discarding
[sscma] WARN: bogus AVAILABLE count 0xB35C ? discarding
[sscma] WARN: bogus AVAILABLE count 0xB35C ? discarding
[sscma] WARN: bogus AVAILABLE count 0xB35C ? discarding
[sscma] WARN: bogus AVAILABLE count 0xB35C ? discarding
[sscma] WARN: bogus AVAILABLE count 0xB35C ? discarding
[sscma] WARN: bogus AVAILABLE count 0xB35C ? discarding
[sscma] WARN: bogus AVAILABLE count 0xB35C ? discarding
[sscma] WARN: bogus AVAILABLE count 0xB35C ? discarding
[sscma] WARN: bogus AVAILABLE count 0xB35C ? discarding
[sscma] WARN: bogus AVAILABLE count 0xB35C ? discarding
[sscma] WARN: bogus AVAILABLE count 0xB35C ? discarding
[sscma] WARN: bogus AVAILABLE count 0xB35C ? discarding
[sscma] WARN: bogus AVAILABLE count 0xB35C ? discarding
[sscma] WARN: bogus AVAILABLE count 0xB35C ? discarding
[sscma] WARN: bogus AVAILABLE count 0xB35C ? discarding
[sscma] WARN: bogus AVAILABLE count 0xB35C ? discarding
[sscma] WARN: bogus AVAILABLE count 0xB35C ? discarding
[sscma] WARN: bogus AVAILABLE count 0xB35C ? discarding
[sscma] WARN: bogus AVAILABLE count 0xB35C ? discarding
[sscma] WARN: bogus AVAILABLE count 0xB35C ? discarding
[sscma] WARN: bogus AVAILABLE count 0xB35C ? discarding
[sscma] WARN: bogus AVAILABLE count 0xB35C ? discarding
[sscma] WARN: bogus AVAILABLE count 0xB35C ? discarding
[sscma] WARN: bogus AVAILABLE count 0xB35C ? discarding
[sscma] WARN: bogus AVAILABLE count 0xB35C ? discarding
[sscma] WARN: bogus AVAILABLE count 0xB35C ? discarding
[sscma] WARN: bogus AVAILABLE count 0xB35C ? discarding
[sscma] WARN: bogus AVAILABLE count 0xB35C ? discarding
[sscma] WARN: bogus AVAILABLE count 0xB35C ? discarding
[sscma] WARN: bogus AVAILABLE count 0xB35C ? discarding
[sscma] WARN: bogus AVAILABLE count 0xB35C ? discarding
[sscma] WARN: bogus AVAILABLE count 0xB35C ? discarding
[sscma] WARN: bogus AVAILABLE count 0xB35C ? discarding
[sscma] WARN: bogus AVAILABLE count 0xB35C ? discarding
[sscma] WARN: bogus AVAILABLE count 0xB35C ? discarding
[sscma] WARN: bogus AVAILABLE count 0xB35C ? discarding
[sscma] WARN: bogus AVAILABLE count 0xB35C ? discarding
[sscma] WARN: bogus AVAILABLE count 0xB35C ? discarding
[sscma] WARN: bogus AVAILABLE count 0xB35C ? discarding
[sscma] WARN: bogus AVAILABLE count 0xB35C ? discarding
[sscma] WARN: bogus AVAILABLE count 0xB35C ? discarding
[sscma] WARN: bogus AVAILABLE count 0xB35C ? discarding
[sscma] WARN: bogus AVAILABLE count 0xB35C ? discarding
[sscma] WARN: bogus AVAILABLE count 0xB35C ? discarding
[sscma] WARN: bogus AVAILABLE count 0xB35C ? discarding
[sscma] WARN: bogus AVAILABLE count 0xB35C ? discarding
[sscma] WARN: bogus AVAILABLE count 0xB35C ? discarding
[sscma] WARN: bogus AVAILABLE count 0xB35C ? discarding
[sscma] WARN: bogus AVAILABLE count 0xB35C ? discarding
[sscma] WARN: bogus AVAILABLE count 0xB35C ? discarding
[sscma] WARN: bogus AVAILABLE count 0xB35C ? discarding
[sscma] WARN: bogus AVAILABLE count 0xB35C ? discarding
[sscma] WARN: bogus AVAILABLE count 0xB35C ? discarding
[sscma] WARN: bogus AVAILABLE count 0xB35C ? discarding
[sscma] WARN: bogus AVAILABLE count 
0xB35C ? discarding
[sscma] WARN: bogus AVAILABLE count 0xB35C ? discarding
[sscma] WARN: bogus AVAILABLE count 0xB35C ? discarding
[sscma] WARN: bogus AVAILABLE count 0xB35C ? discarding
[sscma] WARN: bogus AVAILABLE count 0xB35C ? discarding
[sscma] WARN: bogus AVAILABLE count 0xB35C ? discarding
[sscma] WARN: bogus AVAILABLE count 0xB35C ? discarding
[sscma] WARN: bogus AVAILABLE count 0xB35C ? discarding
[sscma] WARN: bogus AVAILABLE count 0xB35C ? discarding
[sscma] WARN: bogus AVAILABLE count 0xB35C ? discarding
[sscma] WARN: bogus AVAILABLE count 0xB35C ? discarding
[sscma] WARN: bogus AVAILABLE count 0xB35C ? discarding
[sscma] WARN: bogus AVAILABLE count 0xB35C ? discarding
[sscma] WARN: bogus AVAILABLE count 0xB35C ? discarding
[sscma] WARN: bogus AVAILABLE count 0xB35C ? discarding
[sscma] WARN: bogus AVAILABLE count 0xB35C ? discarding
[sscma] WARN: bogus AVAILABLE count 0xB35C ? discarding
[sscma] WARN: bogus AVAILABLE count 0xB35C ? discarding
[sscma] WARN: bogus AVAILABLE count 0xB35C ? discarding
[sscma] WARN: bogus AVAILABLE count 0xB35C ? discarding
[sscma] WARN: bogus AVAILABLE count 0xB35C ? discarding
[sscma] WARN: bogus AVAILABLE count 0xB35C ? discarding
[sscma] WARN: bogus AVAILABLE count 0xB35C ? discarding
[sscma] readJsonResponse TIMEOUT after 3750 ms (scratch=0 bytes)
[sscma] captureJpeg miss opt=0
[sscma] captureJpeg TIMEOUT after 15000 ms (all sensor modes tried)
[Camera] capture miss; reinitializing SSCMA and retrying once...
[sscma] probing SPI link with AT+ID? ...
[sscma] response: {"type": 0, "name": "ID?", "code": 0, "data": "360779f5"}
[sscma]   NAME: {"type": 0, "name": "NAME?", "code": 0, "data": "SenseCAP Watcher"}
[sscma]   VER:  {"type": 0, "name": "VER?", "code": 0, "data": {"at_api": "v0", "software": "2024.08.16", "hardware": "1"}}
[sscma] *** Himax SSCMA SPI link ESTABLISHED ? camera ready ***
[HOST] cycle 2: real=0 synth=0 fail=0
[HOST] --- capture cycle 3 ---
[Camera] SSCMA capture FAILED after 21790 ms ? falling through to procedural scene
[Camera] (2) generating procedural scene...
[synth] allocated 115200 bytes in PSRAM for synthetic frames
[synth] frame #1 samples: TL=0xFEEA TR=0x2A78 BL=0x2183 BR=0x3205 (vary = scene is not constant)
[Camera] >>> SYNTH frame ready: 240x240, 115200 bytes, seed=0x67466EF8, build=52 ms (frame #1)
[Camera] (this scene is unique to this capture; the on-device 'SIM' badge confirms it is procedural)
[Camera] =============================================
[Storage] Capture saved: /captures/1970-01-01_Hydrate.jpg (3513 bytes)
[GUI] drawCaptureRitual countdown=0  fb=0x3fc9a720  len=3513  stub=1
[GUI] blitting RGB565 bitmap 240x240 @ 0x3d893b7c
[Habits] Hydrate: 6/8 glasses
[Pet] +10 vitality ? 100
[State] CAPTURE_RITUAL -> CELEBRATION @ 57693ms
[HOST] cycle 3: real=0 synth=1 fail=1
[State] CELEBRATION -> IDLE @ 57805ms
[state] forced to IDLE
[State] IDLE -> CAPTURE_RITUAL @ 57908ms
[state] forced to CAPTURE_RITUAL
[Camera] =============================================
[Camera] capture #2 requested at t=57918 ms
[Camera] (1) SSCMA path: requesting REAL frame...
[HOST] === RESULT ===
[HOST] real_total=0
[HOST] synth_total=1
[HOST] fail_total=1
