=== Himax UART probe on COM4 ===

========== probing COM4 @ 921600 (DTR=False RTS=False) ==========
  [1] listening for spontaneous output for 1.5 s ...
       [487b] 31 73 74 20 42 4C 20 4D 6F 64 65 6D 20 42 75 69 6C 64 20 44 41 54 45 3D 4D 61 72 20 32 37 20 32 30 32 34 2C 20 56 65 72 73 69 6F 6E 3A 20 32 2E 31 32 0D 0A 50 6C 65 61 73 65 20 69 6E 70 75 74 20 61 6E 79 20 6B 65 79 20 74 6F 20 65 6E 74 65 72 20 58 2D 4D 6F 64 65 6D 20 6D 6F 64 65 20 69 6E 20 31 30 30 20 6D 73 20 0D 0A 77 61 69 74 69 6E 67 20 69 6E 70 75 74 20 6B 65 79 2E 2E 2E 0D 0A 73 6C 6F 74 5F 68 65 61 64 65 72 20 69 6E 76 61 6C 69 64 20 21 21 0D 0A 73 6C 6F 74 20 66 6C 61 73 68 5F 6F 66 66 73 65 74 20 30 78 30 30 30 30 30 30 30 30 0D 0A 4E 65 77 20 4D 65 6D 44 65 73 70 20 68 69 6D 61 78 5F 73 65 63 5F 53 42 5F 69 6D 61 67 65 5F 70 72 6F 63 65 73 73 20 50 41 53 53 0D 0A 73 65 74 5F 6D 65 6D 6F 72 79 5F 73 5F 6E 73 0D 0A 48 58 5F 44 53 50 5F 46 4C 41 47  '1st BL Modem Build DATE=Mar 27 2024, Version: 2.12..Please input any key to enter X-Modem mode in 100 ms ..waiting input key.....slot_header invalid !!..slot flash_offset 0x00000000..New MemDesp himax_sec_SB_image_process PASS..set_memory_s_ns..HX_DSP_FLAG'  ... (+231 more)
  [tx] 'AT+ID?'
       [59b] 0D 7B 22 74 79 70 65 22 3A 20 30 2C 20 22 6E 61 6D 65 22 3A 20 22 49 44 3F 22 2C 20 22 63 6F 64 65 22 3A 20 30 2C 20 22 64 61 74 61 22 3A 20 22 33 36 30 37 37 39 66 35 22 7D 0A  '.{"type": 0, "name": "ID?", "code": 0, "data": "360779f5"}.'
  [tx] 'AT+NAME?'
       [69b] 0D 7B 22 74 79 70 65 22 3A 20 30 2C 20 22 6E 61 6D 65 22 3A 20 22 4E 41 4D 45 3F 22 2C 20 22 63 6F 64 65 22 3A 20 30 2C 20 22 64 61 74 61 22 3A 20 22 53 65 6E 73 65 43 41 50 20 57 61 74 63 68 65 72 22 7D 0A  '.{"type": 0, "name": "NAME?", "code": 0, "data": "SenseCAP Watcher"}.'
  [tx] 'AT+VER?'
       [109b] 0D 7B 22 74 79 70 65 22 3A 20 30 2C 20 22 6E 61 6D 65 22 3A 20 22 56 45 52 3F 22 2C 20 22 63 6F 64 65 22 3A 20 30 2C 20 22 64 61 74 61 22 3A 20 7B 22 61 74 5F 61 70 69 22 3A 20 22 76 30 22 2C 20 22 73 6F 66 74 77 61 72 65 22 3A 20 22 32 30 32 34 2E 30 38 2E 31 36 22 2C 20 22 68 61 72 64 77 61 72 65 22 3A 20 22 31 22 7D 7D 0A  '.{"type": 0, "name": "VER?", "code": 0, "data": {"at_api": "v0", "software": "2024.08.16", "hardware": "1"}}.'
  [tx] 'AT+BREAK'
       [55b] 0D 7B 22 74 79 70 65 22 3A 20 30 2C 20 22 6E 61 6D 65 22 3A 20 22 42 52 45 41 4B 22 2C 20 22 63 6F 64 65 22 3A 20 30 2C 20 22 64 61 74 61 22 3A 20 37 35 30 34 7D 0A  '.{"type": 0, "name": "BREAK", "code": 0, "data": 7504}.'
  [tx] 'AT+HELP?'
       [1855b] 20 20 41 54 2B 47 45 54 52 45 47 3D 3C 22 41 44 44 52 22 3E 0A 20 20 20 20 47 65 74 20 72 65 67 69 73 74 65 72 0A 20 20 41 54 2B 53 45 54 52 45 47 3D 3C 22 41 44 44 52 22 2C 22 56 41 4C 22 3E 0A 20 20 20 20 53 65 74 20 72 65 67 69 73 74 65 72 0A 20 20 41 54 2B 4F 54 41 0A 20 20 20 20 45 6E 74 65 72 20 4F 54 41 20 6D 6F 64 65 0A 20 20 41 54 2B 4D 51 54 54 50 55 42 53 55 42 3F 0A 20 20 20 20 47 65 74 20 63 75 72 72 65 6E 74 20 4D 51 54 54 20 70 75 62 6C 69 73 68 20 61 6E 64 20 73 75 62 73 63 72 69 62 65 20 74 6F 70 69 63 0A 20 20 41 54 2B 4D 51 54 54 53 45 52 56 45 52 3F 0A 20 20 20 20 47 65 74 20 63 75 72 72 65 6E 74 20 4D 51 54 54 20 73 65 72 76 65 72 20 73 74 61 74 75 73 20 61 6E 64 20 63 6F 6E 66 69 67 0A 20 20 41 54 2B 4D 51 54 54 53 45 52 56 45 52 53 54  '  AT+GETREG=<"ADDR">.    Get register.  AT+SETREG=<"ADDR","VAL">.    Set register.  AT+OTA.    Enter OTA mode.  AT+MQTTPUBSUB?.    Get current MQTT publish and subscribe topic.  AT+MQTTSERVER?.    Get current MQTT server status and config.  AT+MQTTSERVERST'  ... (+1599 more)
  [tx] WE2 bootloader sync bytes (55 55 55)
       (empty)
  ===> SSCMA JSON DETECTED at 921600!

========== probing COM4 @ 115200 (DTR=False RTS=False) ==========
  [1] listening for spontaneous output for 1.5 s ...
       (empty)
  [tx] 'AT+ID?'
       (empty)
  [tx] 'AT+NAME?'
       (empty)
  [tx] 'AT+VER?'
       (empty)
  [tx] 'AT+BREAK'
       (empty)
  [tx] 'AT+HELP?'
       (empty)
  [tx] WE2 bootloader sync bytes (55 55 55)
       (empty)
  ===> total silence at 115200

========== probing COM4 @ 460800 (DTR=False RTS=False) ==========
  [1] listening for spontaneous output for 1.5 s ...
       (empty)
  [tx] 'AT+ID?'
       (empty)
  [tx] 'AT+NAME?'
       (empty)
  [tx] 'AT+VER?'
       (empty)
  [tx] 'AT+BREAK'
       (empty)
  [tx] 'AT+HELP?'
       (empty)
  [tx] WE2 bootloader sync bytes (55 55 55)
       (empty)
  ===> total silence at 460800

========== probing COM4 @ 115200 (DTR=True RTS=True) ==========
  [1] listening for spontaneous output for 1.5 s ...
       [51b] 50 74 8E 34 38 70 70 74 70 30 78 30 74 38 70 9E 86 10 30 34 14 50 30 CF 58 FE 58 83 30 34 D4 F9 38 74 7C 3C 10 30 56 74 F8 54 82 0F 70 58 82 70 83 30 D4  'Pt.48pptp0x0t8p...04.P0.X.X.04..8t|<.0Vt.T..pX.p.0.'
  [tx] 'AT+ID?'
       (empty)
  [tx] 'AT+NAME?'
       (empty)
  [tx] 'AT+VER?'
       (empty)
  [tx] 'AT+BREAK'
       (empty)
  [tx] 'AT+HELP?'
       (empty)
  [tx] WE2 bootloader sync bytes (55 55 55)
       (empty)
  ===> chip emitted bytes at 115200 but no SSCMA framing yet

========== probing COM4 @ 921600 (DTR=True RTS=True) ==========
  [1] listening for spontaneous output for 1.5 s ...
       [487b] 31 73 74 20 42 4C 20 4D 6F 64 65 6D 20 42 75 69 6C 64 20 44 41 54 45 3D 4D 61 72 20 32 37 20 32 30 32 34 2C 20 56 65 72 73 69 6F 6E 3A 20 32 2E 31 32 0D 0A 50 6C 65 61 73 65 20 69 6E 70 75 74 20 61 6E 79 20 6B 65 79 20 74 6F 20 65 6E 74 65 72 20 58 2D 4D 6F 64 65 6D 20 6D 6F 64 65 20 69 6E 20 31 30 30 20 6D 73 20 0D 0A 77 61 69 74 69 6E 67 20 69 6E 70 75 74 20 6B 65 79 2E 2E 2E 0D 0A 73 6C 6F 74 5F 68 65 61 64 65 72 20 69 6E 76 61 6C 69 64 20 21 21 0D 0A 73 6C 6F 74 20 66 6C 61 73 68 5F 6F 66 66 73 65 74 20 30 78 30 30 30 30 30 30 30 30 0D 0A 4E 65 77 20 4D 65 6D 44 65 73 70 20 68 69 6D 61 78 5F 73 65 63 5F 53 42 5F 69 6D 61 67 65 5F 70 72 6F 63 65 73 73 20 50 41 53 53 0D 0A 73 65 74 5F 6D 65 6D 6F 72 79 5F 73 5F 6E 73 0D 0A 48 58 5F 44 53 50 5F 46 4C 41 47  '1st BL Modem Build DATE=Mar 27 2024, Version: 2.12..Please input any key to enter X-Modem mode in 100 ms ..waiting input key.....slot_header invalid !!..slot flash_offset 0x00000000..New MemDesp himax_sec_SB_image_process PASS..set_memory_s_ns..HX_DSP_FLAG'  ... (+231 more)
  [tx] 'AT+ID?'
       [59b] 0D 7B 22 74 79 70 65 22 3A 20 30 2C 20 22 6E 61 6D 65 22 3A 20 22 49 44 3F 22 2C 20 22 63 6F 64 65 22 3A 20 30 2C 20 22 64 61 74 61 22 3A 20 22 33 36 30 37 37 39 66 35 22 7D 0A  '.{"type": 0, "name": "ID?", "code": 0, "data": "360779f5"}.'
  [tx] 'AT+NAME?'
       [69b] 0D 7B 22 74 79 70 65 22 3A 20 30 2C 20 22 6E 61 6D 65 22 3A 20 22 4E 41 4D 45 3F 22 2C 20 22 63 6F 64 65 22 3A 20 30 2C 20 22 64 61 74 61 22 3A 20 22 53 65 6E 73 65 43 41 50 20 57 61 74 63 68 65 72 22 7D 0A  '.{"type": 0, "name": "NAME?", "code": 0, "data": "SenseCAP Watcher"}.'
  [tx] 'AT+VER?'
       [109b] 0D 7B 22 74 79 70 65 22 3A 20 30 2C 20 22 6E 61 6D 65 22 3A 20 22 56 45 52 3F 22 2C 20 22 63 6F 64 65 22 3A 20 30 2C 20 22 64 61 74 61 22 3A 20 7B 22 61 74 5F 61 70 69 22 3A 20 22 76 30 22 2C 20 22 73 6F 66 74 77 61 72 65 22 3A 20 22 32 30 32 34 2E 30 38 2E 31 36 22 2C 20 22 68 61 72 64 77 61 72 65 22 3A 20 22 31 22 7D 7D 0A  '.{"type": 0, "name": "VER?", "code": 0, "data": {"at_api": "v0", "software": "2024.08.16", "hardware": "1"}}.'
  [tx] 'AT+BREAK'
       [55b] 0D 7B 22 74 79 70 65 22 3A 20 30 2C 20 22 6E 61 6D 65 22 3A 20 22 42 52 45 41 4B 22 2C 20 22 63 6F 64 65 22 3A 20 30 2C 20 22 64 61 74 61 22 3A 20 37 34 38 34 7D 0A  '.{"type": 0, "name": "BREAK", "code": 0, "data": 7484}.'
  [tx] 'AT+HELP?'
       [1855b] 20 20 41 54 2B 47 45 54 52 45 47 3D 3C 22 41 44 44 52 22 3E 0A 20 20 20 20 47 65 74 20 72 65 67 69 73 74 65 72 0A 20 20 41 54 2B 53 45 54 52 45 47 3D 3C 22 41 44 44 52 22 2C 22 56 41 4C 22 3E 0A 20 20 20 20 53 65 74 20 72 65 67 69 73 74 65 72 0A 20 20 41 54 2B 4F 54 41 0A 20 20 20 20 45 6E 74 65 72 20 4F 54 41 20 6D 6F 64 65 0A 20 20 41 54 2B 4D 51 54 54 50 55 42 53 55 42 3F 0A 20 20 20 20 47 65 74 20 63 75 72 72 65 6E 74 20 4D 51 54 54 20 70 75 62 6C 69 73 68 20 61 6E 64 20 73 75 62 73 63 72 69 62 65 20 74 6F 70 69 63 0A 20 20 41 54 2B 4D 51 54 54 53 45 52 56 45 52 3F 0A 20 20 20 20 47 65 74 20 63 75 72 72 65 6E 74 20 4D 51 54 54 20 73 65 72 76 65 72 20 73 74 61 74 75 73 20 61 6E 64 20 63 6F 6E 66 69 67 0A 20 20 41 54 2B 4D 51 54 54 53 45 52 56 45 52 53 54  '  AT+GETREG=<"ADDR">.    Get register.  AT+SETREG=<"ADDR","VAL">.    Set register.  AT+OTA.    Enter OTA mode.  AT+MQTTPUBSUB?.    Get current MQTT publish and subscribe topic.  AT+MQTTSERVER?.    Get current MQTT server status and config.  AT+MQTTSERVERST'  ... (+1599 more)
  [tx] WE2 bootloader sync bytes (55 55 55)
       (empty)
  ===> SSCMA JSON DETECTED at 921600!

=== summary ===
  (921600, False, False): SSCMA=True  bytes_received=2634
  (115200, False, False): SSCMA=False  bytes_received=0
  (460800, False, False): SSCMA=False  bytes_received=0
  (115200, True, True): SSCMA=False  bytes_received=51
  (921600, True, True): SSCMA=True  bytes_received=2634
