
[HOST] ======== BOOT CAPTURE ========
[HOST] waiting 4.0s (let setup() complete)

=== HabitTracker booting ===
[Boot] chip: ESP32-S3 rev0  cores=2  cpu=240MHz
[Boot] flash: 33554432 bytes  sketch: 628112 / 4718592 bytes
[Boot] heap: total=345300 free=320532
[Boot] psram: total=8386215 free=8385791  OK
[Duck] Converted 9 frames (25x25), 2300 opaque px total
[Storage] Mounted. Used: 40960 / 23986176 bytes
[RTC] Configured TZ offset -18000 sec, DST 3600 sec
[WatcherBSP] IO expander + rails initialised
[Pet] Loaded vitality: 70
[Habits] Loaded 5 habits
[GUI] SPD2010 412x412 (QSPI SPI3) ready
[Camera] Stub: embedded JPEG for preview until SSCMA bridge
[Main] Pet vitality: 70 | Habits: 5 | Date: 1970-01-01
[Main] Ready. State: IDLE
[Main] Type `help` on serial for the test-harness commands.

[HOST] ======== STATS ========
[HOST] >>> stats
--- STATS ---
  uptime        : 4366 ms
  chip model    : ESP32-S3  rev 0  cores 2
  cpu freq      : 240 MHz
  flash size    : 33554432 bytes
  heap total    : 344276  free 306924  min 300824
  psram total   : 8386135  free 8045715
  littlefs      : used 40960 / 23986176 bytes
  ioexpander    : OK
  pet state     : HAPPY  vitality 70  anim 32
  app state     : IDLE
  display pinned: no

[HOST] ======== DISPLAY FILLS ========
[HOST] >>> disp red
[disp] filled 0xF800 (red) — pinned
[HOST] >>> disp green
[disp] filled 0x07E0 (green) — pinned
[HOST] >>> disp blue
[disp] filled 0x001F (blue) — pinned
[HOST] >>> disp white
[disp] filled 0xFFFF (white) — pinned
[HOST] >>> disp black
[disp] filled 0x0000 (black) — pinned
[HOST] >>> disp bars
[disp] R/G/B/W bars drawn (pinned)

[HOST] ======== DUCK FRAMES ========
[HOST] >>> duck 0
[duck] frame 0 (OPEN) drawn — pinned
[HOST] >>> duck 1
[duck] frame 1 (CLOSED) drawn — pinned
[HOST] >>> duck 2
[duck] frame 2 (SAD) drawn — pinned
[HOST] >>> duck 3
[duck] frame 3 (LOW_OPEN) drawn — pinned
[HOST] >>> duck 4
[duck] frame 4 (LOW_CLOSED) drawn — pinned
[HOST] >>> duck 5
[duck] frame 5 (LOW_SAD) drawn — pinned
[HOST] >>> duck 6
[duck] frame 6 (DEAD) drawn — pinned

[HOST] ======== LED COLOURS ========
[HOST] >>> led 255,0,0
[led] solid 255,0,0
[HOST] >>> led 0,255,0
[led] solid 0,255,0
[HOST] >>> led 0,0,255
[led] solid 0,0,255
[HOST] >>> led 255,255,255
[led] solid 255,255,255
[HOST] >>> led off
[led] off

[HOST] ======== HAPTIC PATTERNS ========
[HOST] >>> haptic buzz
[haptic] playing buzz
[HOST] >>> haptic countdown
[haptic] playing countdown
[HOST] >>> haptic heartbeat
[haptic] playing heartbeat
[HOST] >>> haptic celebration
[haptic] playing celebration
[HOST] >>> haptic sos
[haptic] playing sos
[HOST] >>> haptic none
[haptic] stopped

[HOST] ======== STORAGE ========
[HOST] >>> ls /
[ls] /
  [dir] captures  0 bytes
        habits.json  738 bytes
  [dir] logs  0 bytes
        pet_config.json  15 bytes
  4 entries
[HOST] >>> cat /pet_config.json
[cat] /pet_config.json (15 bytes)
{"vitality":70}
[HOST] >>> cat /habits.json
[cat] /habits.json (738 bytes)
{"habits":[{"name":"Hydrate","emoji":"W","color":1631,"goalToday":8,"completedToday":0,"streak":0,"lastLogDate":"","minGoal":4,"maxGoal":14,"unit":"glasses"},{"name":"Read","emoji":"R","color":63904,"goalToday":20,"completedToday":0,"streak":0,"lastLogDate":"","minGoal":5,"maxGoal":60,"unit":"min"},{"name":"Meditate","emoji":"M","color":34847,"goalToday":10,"completedToday":0,"streak":0,"lastLogDate":"","minGoal":5,"maxGoal":30,"unit":"min"},{"name":"Move","emoji":"V","color":2016,"goalToday":30,"completedToday":0,"streak":0,"lastLogDate":"","minGoal":10,"maxGoal":90,"unit":"min"},{"name":"Sleep Early","emoji":"Z","color":18975,"goalToday":1,"completedToday":0,"streak":0,"lastLogDate":"","minGoal":1,"maxGoal":1,"unit":"night"}]}

[HOST] ======== BUTTON IDLE READING (firmware blocks 10s) ========
[HOST] >>> btn
[btn] live dump for 10s — click the knob
  initial: up
[btn] done — 0 edges detected

[HOST] ======== KNOB IDLE READING (firmware blocks 10s) ========
[HOST] >>> knob
[knob] live dump for 10s — turn the knob and click; Ctrl-C to stop early
  [t=45567ms] A=1 B=1 btn=up  accumTotal=0
  [t=46068ms] A=1 B=1 btn=up  accumTotal=0
  [t=46568ms] A=1 B=1 btn=up  accumTotal=0
  [t=47068ms] A=1 B=1 btn=up  accumTotal=0
  [t=47568ms] A=1 B=1 btn=up  accumTotal=0
  [t=48068ms] A=1 B=1 btn=up  accumTotal=0
  [t=48568ms] A=1 B=1 btn=up  accumTotal=0
  [t=49068ms] A=1 B=1 btn=up  accumTotal=0
  [t=49568ms] A=1 B=1 btn=up  accumTotal=0
  [t=50068ms] A=1 B=1 btn=up  accumTotal=0
  [t=50568ms] A=1 B=1 btn=up  accumTotal=0
  [t=51068ms] A=1 B=1 btn=up  accumTotal=0
  [t=51568ms] A=1 B=1 btn=up  accumTotal=0
  [t=52068ms] A=1 B=1 btn=up  accumTotal=0
  [t=52568ms] A=1 B=1 btn=up  accumTotal=0
  [t=53068ms] A=1 B=1 btn=up  accumTotal=0
  [t=53568ms] A=1 B=1 btn=up  accumTotal=0
  [t=54068ms] A=1 B=1 btn=up  accumTotal=0
  [t=54568ms] A=1 B=1 btn=up  accumTotal=0
[knob] done — net rotation 0  final button up

[HOST] ======== RESUME APP ========
[HOST] >>> test off
[test] display unpinned
[HOST] >>> state idle
[state] forced to IDLE

[HOST] ======== DONE ========
